============================================================ 
 LOG DE EJECUCION - PC_B_RUN.bat 
 Fecha/Hora: 05/11/2025 10:50:54,53 
============================================================ 
 
[05/11/2025 10:50:54,57] Ejecutando: docker build -t ev_driver:local -f ev_driver/Dockerfile . 
#0 building with "desktop-linux" instance using docker driver

#1 [internal] load build definition from Dockerfile
#1 transferring dockerfile: 697B done
#1 DONE 0.0s

#2 resolve image config for docker-image://docker.io/docker/dockerfile:1
#2 DONE 0.8s

#3 docker-image://docker.io/docker/dockerfile:1@sha256:b6afd42430b15f2d2a4c5a02b919e98a525b785b1aaff16747d2f623364e39b6
#3 resolve docker.io/docker/dockerfile:1@sha256:b6afd42430b15f2d2a4c5a02b919e98a525b785b1aaff16747d2f623364e39b6 0.0s done
#3 CACHED

#4 [internal] load metadata for docker.io/library/python:3.10-slim
#4 DONE 0.6s

#5 [internal] load .dockerignore
#5 transferring context: 275B done
#5 DONE 0.0s

#6 [internal] load build context
#6 transferring context: 8.74kB 0.0s done
#6 DONE 0.0s

#7 [1/6] FROM docker.io/library/python:3.10-slim@sha256:2a8c7d9efdae9b636de80a187a4ce31374ffb3883a7be06232d25a96e8538bf4
#7 resolve docker.io/library/python:3.10-slim@sha256:2a8c7d9efdae9b636de80a187a4ce31374ffb3883a7be06232d25a96e8538bf4 0.0s done
#7 DONE 0.0s

#8 [2/6] WORKDIR /app
#8 CACHED

#9 [3/6] COPY requirements.txt ./
#9 CACHED

#10 [4/6] RUN pip install --no-cache-dir -r requirements.txt
#10 CACHED

#11 [5/6] COPY ev_driver/ ev_driver/
#11 CACHED

#12 [6/6] COPY ev_common/ ev_common/
#12 CACHED

#13 exporting to image
#13 exporting layers done
#13 exporting manifest sha256:6a2e200a1e55a7b80f62b2506e81b7e8f668885137c20c5b0bb0cd2a6d77e646 done
#13 exporting config sha256:f4718f92f1bae93c80ced01a0609978bc9e64ee40acc7b8f00eb12d54cbd251c done
#13 exporting attestation manifest sha256:7b8f945f9e681fb092bf9fa24520349a8c513ac30164c069d6dbee2da79289a5 0.0s done
#13 exporting manifest list sha256:570e7914f126a8c7076bc20ef9a6a25af99235dff1e0f2f6362a1adb146e5102 0.0s done
#13 naming to docker.io/library/ev_driver:local done
#13 unpacking to docker.io/library/ev_driver:local 0.0s done
#13 DONE 0.1s
[05/11/2025 10:50:57,06] Codigo de salida docker build ev_driver: 0 
[05/11/2025 10:50:57,07] Todas las imagenes construidas exitosamente 
[05/11/2025 10:50:59,12] Lanzando Engine en modo CLASICO (CP_001, puerto 5001)... 
[05/11/2025 10:50:59,14] Comando START para Engine ejecutado (errorlevel: 0) 
[05/11/2025 10:51:02,20] Lanzando Driver en modo CLASICO (DRIVER_456)... 
[05/11/2025 10:51:02,24] Comando START para Driver ejecutado (errorlevel: 0) 
[05/11/2025 10:51:05,12] Lanzando Monitor en modo CLASICO (CP_001)... 
[05/11/2025 10:51:05,14] Comando START para Monitor ejecutado (errorlevel: 0) 
[05/11/2025 10:51:20,27] Verificando disponibilidad de Docker... 
Docker version 28.4.0, build d8eb465
[05/11/2025 10:51:20,32] Docker esta disponible 
[05/11/2025 10:51:20,35] Detectando IP de la Central... 
[05/11/2025 10:51:20,35] Central IP detectada desde archivo: 192.168.1.43 
