============================================================ 
 LOG DE EJECUCION - PC_B_RUN.bat 
 Fecha/Hora: dc. 07/01/2026 16:05:24,47 
============================================================ 
 
Docker version 28.2.2, build e6534b4
[DEBUG] Verificando si Registry está corriendo localmente en puerto 6000... 
[DEBUG] Registry local detectado (HTTPS) - usando host.docker.internal 
[DEBUG] REGISTRY_URL final:  
[DEBUG] Directorio actual: C:\Users\alumno\Downloads\evcharging-sd-2526 
[DEBUG] Verificando existencia de OPENWEATHER_API_KEY.txt... 
[DEBUG] Ruta completa buscada: C:\Users\alumno\Downloads\evcharging-sd-2526\OPENWEATHER_API_KEY.txt 
[DEBUG] Archivo OPENWEATHER_API_KEY.txt encontrado 
[DEBUG] Contenido leido del archivo: 54076819eadd372702b599c788eb370f 
[DEBUG] Longitud de la API Key: 
54076819eadd372702b599c788eb370f 
[DEBUG] Verificando que la API Key no este vacia... 
[DEBUG] Valor de OPENWEATHER_API_KEY: "54076819eadd372702b599c788eb370f" 
[DEBUG] Verificando que la API Key fue leida correctamente... 
[DEBUG] Valor de OPENWEATHER_API_KEY: "54076819eadd372702b599c788eb370f" 
[DEBUG] API Key validada: tiene contenido 
[DEBUG] Verificando Python... 
[DEBUG] Python encontrado 
[DEBUG] Verificando ev_weather\EV_W.py... 
[DEBUG] Archivo ev_weather\EV_W.py encontrado 
[DEBUG] Llegando a :launch_weather 
[DEBUG] API Key leida correctamente: 54076819ea... 
[DEBUG] Iniciando lanzamiento de EV_Weather... 
[DEBUG] Creando script temporal... 
[DEBUG] Ruta del script temporal: C:\Users\alumno\AppData\Local\Temp\ev_weather_launch_15885.bat 
[DEBUG] Variables temporales configuradas 
[DEBUG] Escribiendo contenido del script temporal... 
[DEBUG] Ruta completa: C:\Users\alumno\AppData\Local\Temp\ev_weather_launch_15885.bat 
[DEBUG] Directorio del proyecto: C:\Users\alumno\Downloads\evcharging-sd-2526 
[DEBUG] Resultado de creacion del script: 0 
[DEBUG] Script temporal creado exitosamente 
[DEBUG] Script temporal: C:\Users\alumno\AppData\Local\Temp\ev_weather_launch_15885.bat 
[DEBUG] API Key: 54076819ea... 
[DEBUG] Central URL: http://172.21.42.15:5001/api 
[DEBUG] Comando START ejecutado exitosamente 
[DEBUG] EV_Weather lanzado, continuando al MENU... 
[DEBUG] Llegando al MENU 
 
============================================================ 
[MODO] MULTIPLES CPS SELECCIONADO 
============================================================ 
[INPUT] Usuario ingreso: NUM_CPS=1 
[VALIDADO] NUM_CPS final: 1 
[BUILD] Iniciando construccion de imagenes 
[BUILD] Fecha/Hora: dc. 07/01/2026 16:05:40,20 
 
[BUILD] Ejecutando: docker build -t ev_engine:local -f ev_cp_engine/Dockerfile . 
[BUILD] ---- INICIO OUTPUT DOCKER BUILD ENGINE ---- 
#0 building with "desktop-linux" instance using docker driver

#1 [internal] load build definition from Dockerfile
#1 transferring dockerfile: 580B 0.0s done
#1 DONE 0.1s

#2 resolve image config for docker-image://docker.io/docker/dockerfile:1
#2 DONE 2.2s

#3 docker-image://docker.io/docker/dockerfile:1@sha256:b6afd42430b15f2d2a4c5a02b919e98a525b785b1aaff16747d2f623364e39b6
#3 resolve docker.io/docker/dockerfile:1@sha256:b6afd42430b15f2d2a4c5a02b919e98a525b785b1aaff16747d2f623364e39b6 0.0s done
#3 sha256:b6afd42430b15f2d2a4c5a02b919e98a525b785b1aaff16747d2f623364e39b6 8.40kB / 8.40kB done
#3 sha256:62b0eac4b38b65f257ba2525a1bc87978b5e339d6133b5daef1bde40fe7aa10f 850B / 850B done
#3 sha256:6742480c08d7878bbb82a5f5b55d7cb17c5dea60d2068cb2bd37994f3a5c680e 1.33kB / 1.33kB done
#3 sha256:77246a01651da592b7bae79e0e20ed3b4f2e4c00a1b54b7c921c91ae3fa9ef07 0B / 13.57MB 0.1s
#3 sha256:77246a01651da592b7bae79e0e20ed3b4f2e4c00a1b54b7c921c91ae3fa9ef07 5.24MB / 13.57MB 0.5s
#3 sha256:77246a01651da592b7bae79e0e20ed3b4f2e4c00a1b54b7c921c91ae3fa9ef07 7.34MB / 13.57MB 0.6s
#3 sha256:77246a01651da592b7bae79e0e20ed3b4f2e4c00a1b54b7c921c91ae3fa9ef07 12.58MB / 13.57MB 0.8s
#3 sha256:77246a01651da592b7bae79e0e20ed3b4f2e4c00a1b54b7c921c91ae3fa9ef07 13.57MB / 13.57MB 0.8s done
#3 extracting sha256:77246a01651da592b7bae79e0e20ed3b4f2e4c00a1b54b7c921c91ae3fa9ef07 0.1s
#3 extracting sha256:77246a01651da592b7bae79e0e20ed3b4f2e4c00a1b54b7c921c91ae3fa9ef07 0.3s done
#3 DONE 1.3s

#4 [internal] load metadata for docker.io/library/python:3.10-slim
#4 DONE 1.6s

#5 [internal] load .dockerignore
#5 transferring context: 275B done
#5 DONE 0.0s

#6 [internal] load build context
#6 transferring context: 136.54kB 0.1s done
#6 DONE 0.1s

#7 [1/6] FROM docker.io/library/python:3.10-slim@sha256:7b68a5fa7cf0d20b4cedb1dc9a134fdd394fe27edbc4c2519756c91d21df2313
#7 resolve docker.io/library/python:3.10-slim@sha256:7b68a5fa7cf0d20b4cedb1dc9a134fdd394fe27edbc4c2519756c91d21df2313 0.0s done
#7 sha256:7b68a5fa7cf0d20b4cedb1dc9a134fdd394fe27edbc4c2519756c91d21df2313 10.37kB / 10.37kB done
#7 sha256:05be60a538e21a03887c1b1ecbc37e18a204d7abd2ff9d18ec9e95a868d83364 1.75kB / 1.75kB done
#7 sha256:ce19342c5d49287e941ab558824eb6b0a4244066b18b5a1a9024b6c0f2f818a8 5.48kB / 5.48kB done
#7 sha256:02d7611c4eae219af91448a4720bdba036575d3bc0356cfe12774af85daa6aff 0B / 29.78MB 0.1s
#7 sha256:8715e552fa1374bdde269437d9a1c607c817289c2ebbceb9ed9ab1aa9ca86763 0B / 1.29MB 0.1s
#7 sha256:9c27bc7ba63d1ac690daefc68302197d3ab9a91fc5c0e19f447cd57eda92d87c 0B / 13.82MB 0.1s
#7 sha256:8715e552fa1374bdde269437d9a1c607c817289c2ebbceb9ed9ab1aa9ca86763 1.29MB / 1.29MB 0.5s done
#7 sha256:7da4424a113245eb185ea22f2512eceb36f80ca1d0547c64b117f28495d3c3e5 0B / 250B 0.5s
#7 sha256:9c27bc7ba63d1ac690daefc68302197d3ab9a91fc5c0e19f447cd57eda92d87c 1.05MB / 13.82MB 0.7s
#7 sha256:02d7611c4eae219af91448a4720bdba036575d3bc0356cfe12774af85daa6aff 3.15MB / 29.78MB 0.9s
#7 sha256:9c27bc7ba63d1ac690daefc68302197d3ab9a91fc5c0e19f447cd57eda92d87c 4.19MB / 13.82MB 0.9s
#7 sha256:7da4424a113245eb185ea22f2512eceb36f80ca1d0547c64b117f28495d3c3e5 250B / 250B 0.8s done
#7 sha256:02d7611c4eae219af91448a4720bdba036575d3bc0356cfe12774af85daa6aff 5.24MB / 29.78MB 1.1s
#7 sha256:9c27bc7ba63d1ac690daefc68302197d3ab9a91fc5c0e19f447cd57eda92d87c 7.34MB / 13.82MB 1.1s
#7 sha256:9c27bc7ba63d1ac690daefc68302197d3ab9a91fc5c0e19f447cd57eda92d87c 8.39MB / 13.82MB 1.2s
#7 sha256:02d7611c4eae219af91448a4720bdba036575d3bc0356cfe12774af85daa6aff 9.44MB / 29.78MB 1.4s
#7 sha256:9c27bc7ba63d1ac690daefc68302197d3ab9a91fc5c0e19f447cd57eda92d87c 10.49MB / 13.82MB 1.4s
#7 sha256:02d7611c4eae219af91448a4720bdba036575d3bc0356cfe12774af85daa6aff 11.53MB / 29.78MB 1.5s
#7 sha256:9c27bc7ba63d1ac690daefc68302197d3ab9a91fc5c0e19f447cd57eda92d87c 12.58MB / 13.82MB 1.5s
#7 sha256:02d7611c4eae219af91448a4720bdba036575d3bc0356cfe12774af85daa6aff 14.68MB / 29.78MB 1.7s
#7 sha256:9c27bc7ba63d1ac690daefc68302197d3ab9a91fc5c0e19f447cd57eda92d87c 13.82MB / 13.82MB 1.6s done
#7 sha256:02d7611c4eae219af91448a4720bdba036575d3bc0356cfe12774af85daa6aff 17.83MB / 29.78MB 1.8s
#7 sha256:02d7611c4eae219af91448a4720bdba036575d3bc0356cfe12774af85daa6aff 23.07MB / 29.78MB 2.0s
#7 sha256:02d7611c4eae219af91448a4720bdba036575d3bc0356cfe12774af85daa6aff 27.26MB / 29.78MB 2.2s
#7 sha256:02d7611c4eae219af91448a4720bdba036575d3bc0356cfe12774af85daa6aff 29.78MB / 29.78MB 2.3s done
#7 extracting sha256:02d7611c4eae219af91448a4720bdba036575d3bc0356cfe12774af85daa6aff
#7 extracting sha256:02d7611c4eae219af91448a4720bdba036575d3bc0356cfe12774af85daa6aff 3.1s done
#7 extracting sha256:8715e552fa1374bdde269437d9a1c607c817289c2ebbceb9ed9ab1aa9ca86763
#7 extracting sha256:8715e552fa1374bdde269437d9a1c607c817289c2ebbceb9ed9ab1aa9ca86763 0.3s done
#7 extracting sha256:9c27bc7ba63d1ac690daefc68302197d3ab9a91fc5c0e19f447cd57eda92d87c
#7 extracting sha256:9c27bc7ba63d1ac690daefc68302197d3ab9a91fc5c0e19f447cd57eda92d87c 2.1s done
#7 extracting sha256:7da4424a113245eb185ea22f2512eceb36f80ca1d0547c64b117f28495d3c3e5
#7 extracting sha256:7da4424a113245eb185ea22f2512eceb36f80ca1d0547c64b117f28495d3c3e5 done
#7 DONE 8.3s

#8 [2/6] WORKDIR /app
#8 DONE 0.2s

#9 [3/6] COPY requirements.txt ./
#9 DONE 0.0s

#10 [4/6] RUN pip install --no-cache-dir -r requirements.txt
#10 3.405 Collecting mysql-connector-python
#10 3.483   Downloading mysql_connector_python-9.5.0-cp310-cp310-manylinux_2_28_x86_64.whl (34.1 MB)
#10 4.984      ━━━━━━━━━━━━━━━━━━━━━━━━━━━━━━━━━━━━━━━━ 34.1/34.1 MB 24.0 MB/s eta 0:00:00
#10 5.090 Collecting kafka-python-ng
#10 5.109   Downloading kafka_python_ng-2.2.3-py2.py3-none-any.whl (232 kB)
#10 5.123      ━━━━━━━━━━━━━━━━━━━━━━━━━━━━━━━━━━━━━━ 232.8/232.8 kB 33.4 MB/s eta 0:00:00
#10 5.351 Collecting rich
#10 5.367   Downloading rich-14.2.0-py3-none-any.whl (243 kB)
#10 5.385      ━━━━━━━━━━━━━━━━━━━━━━━━━━━━━━━━━━━━━━ 243.4/243.4 kB 24.9 MB/s eta 0:00:00
#10 5.461 Collecting flask==3.0.0
#10 5.481   Downloading flask-3.0.0-py3-none-any.whl (99 kB)
#10 5.489      ━━━━━━━━━━━━━━━━━━━━━━━━━━━━━━━━━━━━━━━━ 99.7/99.7 kB 54.3 MB/s eta 0:00:00
#10 5.563 Collecting flask-cors==4.0.0
#10 5.585   Downloading Flask_Cors-4.0.0-py2.py3-none-any.whl (14 kB)
#10 5.668 Collecting flask-socketio==5.3.6
#10 5.689   Downloading Flask_SocketIO-5.3.6-py3-none-any.whl (18 kB)
#10 5.791 Collecting python-socketio==5.10.0
#10 5.812   Downloading python_socketio-5.10.0-py3-none-any.whl (74 kB)
#10 5.819      ━━━━━━━━━━━━━━━━━━━━━━━━━━━━━━━━━━━━━━━━ 74.4/74.4 kB 55.9 MB/s eta 0:00:00
#10 5.947 Collecting requests
#10 5.963   Downloading requests-2.32.5-py3-none-any.whl (64 kB)
#10 5.971      ━━━━━━━━━━━━━━━━━━━━━━━━━━━━━━━━━━━━━━━━ 64.7/64.7 kB 65.9 MB/s eta 0:00:00
#10 7.152 Collecting cryptography
#10 7.168   Downloading cryptography-46.0.3-cp38-abi3-manylinux_2_34_x86_64.whl (4.5 MB)
#10 7.389      ━━━━━━━━━━━━━━━━━━━━━━━━━━━━━━━━━━━━━━━━ 4.5/4.5 MB 20.7 MB/s eta 0:00:00
#10 7.531 Collecting Werkzeug>=3.0.0
#10 7.547   Downloading werkzeug-3.1.4-py3-none-any.whl (224 kB)
#10 7.563      ━━━━━━━━━━━━━━━━━━━━━━━━━━━━━━━━━━━━━━ 225.0/225.0 kB 24.4 MB/s eta 0:00:00
#10 7.613 Collecting blinker>=1.6.2
#10 7.629   Downloading blinker-1.9.0-py3-none-any.whl (8.5 kB)
#10 7.679 Collecting itsdangerous>=2.1.2
#10 7.695   Downloading itsdangerous-2.2.0-py3-none-any.whl (16 kB)
#10 7.780 Collecting click>=8.1.3
#10 7.796   Downloading click-8.3.1-py3-none-any.whl (108 kB)
#10 7.805      ━━━━━━━━━━━━━━━━━━━━━━━━━━━━━━━━━━━━━━ 108.3/108.3 kB 52.6 MB/s eta 0:00:00
#10 7.915 Collecting Jinja2>=3.1.2
#10 7.931   Downloading jinja2-3.1.6-py3-none-any.whl (134 kB)
#10 7.942      ━━━━━━━━━━━━━━━━━━━━━━━━━━━━━━━━━━━━━━ 134.9/134.9 kB 37.5 MB/s eta 0:00:00
#10 8.111 Collecting python-engineio>=4.8.0
#10 8.127   Downloading python_engineio-4.13.0-py3-none-any.whl (59 kB)
#10 8.134      ━━━━━━━━━━━━━━━━━━━━━━━━━━━━━━━━━━━━━━━━ 59.7/59.7 kB 87.9 MB/s eta 0:00:00
#10 8.194 Collecting bidict>=0.21.0
#10 8.210   Downloading bidict-0.23.1-py3-none-any.whl (32 kB)
#10 8.343 Collecting pygments<3.0.0,>=2.13.0
#10 8.359   Downloading pygments-2.19.2-py3-none-any.whl (1.2 MB)
#10 8.411      ━━━━━━━━━━━━━━━━━━━━━━━━━━━━━━━━━━━━━━━━ 1.2/1.2 MB 26.2 MB/s eta 0:00:00
#10 8.488 Collecting markdown-it-py>=2.2.0
#10 8.504   Downloading markdown_it_py-4.0.0-py3-none-any.whl (87 kB)
#10 8.512      ━━━━━━━━━━━━━━━━━━━━━━━━━━━━━━━━━━━━━━━━ 87.3/87.3 kB 42.8 MB/s eta 0:00:00
#10 8.583 Collecting idna<4,>=2.5
#10 8.599   Downloading idna-3.11-py3-none-any.whl (71 kB)
#10 8.605      ━━━━━━━━━━━━━━━━━━━━━━━━━━━━━━━━━━━━━━━━ 71.0/71.0 kB 68.0 MB/s eta 0:00:00
#10 8.685 Collecting certifi>=2017.4.17
#10 8.700   Downloading certifi-2026.1.4-py3-none-any.whl (152 kB)
#10 8.712      ━━━━━━━━━━━━━━━━━━━━━━━━━━━━━━━━━━━━━━ 152.9/152.9 kB 34.2 MB/s eta 0:00:00
#10 9.161 Collecting charset_normalizer<4,>=2
#10 9.176   Downloading charset_normalizer-3.4.4-cp310-cp310-manylinux2014_x86_64.manylinux_2_17_x86_64.manylinux_2_28_x86_64.whl (153 kB)
#10 9.188      ━━━━━━━━━━━━━━━━━━━━━━━━━━━━━━━━━━━━━━ 153.6/153.6 kB 28.9 MB/s eta 0:00:00
#10 9.333 Collecting urllib3<3,>=1.21.1
#10 9.349   Downloading urllib3-2.6.2-py3-none-any.whl (131 kB)
#10 9.357      ━━━━━━━━━━━━━━━━━━━━━━━━━━━━━━━━━━━━━━ 131.2/131.2 kB 53.7 MB/s eta 0:00:00
#10 9.482 Collecting typing-extensions>=4.13.2
#10 9.497   Downloading typing_extensions-4.15.0-py3-none-any.whl (44 kB)
#10 9.503      ━━━━━━━━━━━━━━━━━━━━━━━━━━━━━━━━━━━━━━━━ 44.6/44.6 kB 51.6 MB/s eta 0:00:00
#10 10.07 Collecting cffi>=2.0.0
#10 10.09   Downloading cffi-2.0.0-cp310-cp310-manylinux2014_x86_64.manylinux_2_17_x86_64.whl (216 kB)
#10 10.10      ━━━━━━━━━━━━━━━━━━━━━━━━━━━━━━━━━━━━━━ 216.5/216.5 kB 25.1 MB/s eta 0:00:00
#10 10.16 Collecting pycparser
#10 10.18   Downloading pycparser-2.23-py3-none-any.whl (118 kB)
#10 10.19      ━━━━━━━━━━━━━━━━━━━━━━━━━━━━━━━━━━━━━━ 118.1/118.1 kB 55.6 MB/s eta 0:00:00
#10 10.50 Collecting MarkupSafe>=2.0
#10 10.52   Downloading markupsafe-3.0.3-cp310-cp310-manylinux2014_x86_64.manylinux_2_17_x86_64.manylinux_2_28_x86_64.whl (20 kB)
#10 10.65 Collecting mdurl~=0.1
#10 10.66   Downloading mdurl-0.1.2-py3-none-any.whl (10.0 kB)
#10 10.73 Collecting simple-websocket>=0.10.0
#10 10.75   Downloading simple_websocket-1.1.0-py3-none-any.whl (13 kB)
#10 10.86 Collecting wsproto
#10 10.87   Downloading wsproto-1.3.2-py3-none-any.whl (24 kB)
#10 10.93 Collecting h11<1,>=0.16.0
#10 10.95   Downloading h11-0.16.0-py3-none-any.whl (37 kB)
#10 11.30 Installing collected packages: urllib3, typing-extensions, pygments, pycparser, mysql-connector-python, mdurl, MarkupSafe, kafka-python-ng, itsdangerous, idna, h11, click, charset_normalizer, certifi, blinker, bidict, wsproto, Werkzeug, requests, markdown-it-py, Jinja2, cffi, simple-websocket, rich, flask, cryptography, python-engineio, flask-cors, python-socketio, flask-socketio
#10 15.31 Successfully installed Jinja2-3.1.6 MarkupSafe-3.0.3 Werkzeug-3.1.4 bidict-0.23.1 blinker-1.9.0 certifi-2026.1.4 cffi-2.0.0 charset_normalizer-3.4.4 click-8.3.1 cryptography-46.0.3 flask-3.0.0 flask-cors-4.0.0 flask-socketio-5.3.6 h11-0.16.0 idna-3.11 itsdangerous-2.2.0 kafka-python-ng-2.2.3 markdown-it-py-4.0.0 mdurl-0.1.2 mysql-connector-python-9.5.0 pycparser-2.23 pygments-2.19.2 python-engineio-4.13.0 python-socketio-5.10.0 requests-2.32.5 rich-14.2.0 simple-websocket-1.1.0 typing-extensions-4.15.0 urllib3-2.6.2 wsproto-1.3.2
#10 15.31 WARNING: Running pip as the 'root' user can result in broken permissions and conflicting behaviour with the system package manager. It is recommended to use a virtual environment instead: https://pip.pypa.io/warnings/venv
#10 15.43 
#10 15.43 [notice] A new release of pip is available: 23.0.1 -> 25.3
#10 15.43 [notice] To update, run: pip install --upgrade pip
#10 DONE 15.6s

#11 [5/6] COPY ev_cp_engine/ ev_cp_engine/
#11 DONE 0.1s

#12 [6/6] COPY ev_common/ ev_common/
#12 DONE 0.0s

#13 exporting to image
#13 exporting layers
#13 exporting layers 0.6s done
#13 writing image sha256:ff7b12fc58c4992611b8ab40941eefa2ddb4daa08d4e7b9de01782f3b17fc16e done
#13 naming to docker.io/library/ev_engine:local done
#13 DONE 0.7s

View build details: docker-desktop://dashboard/build/desktop-linux/desktop-linux/je13b34ojsyun4qf45b3w11ze
[BUILD] ---- FIN OUTPUT DOCKER BUILD ENGINE ---- 
[BUILD] Resultado (errorlevel): 0 
[BUILD OK] ev_engine construido exitosamente 
[BUILD] Ejecutando: docker build -t ev_monitor:local -f ev_cp_monitor/Dockerfile . 
[BUILD] ---- INICIO OUTPUT DOCKER BUILD MONITOR ---- 
#0 building with "desktop-linux" instance using docker driver

#1 [internal] load build definition from Dockerfile
#1 transferring dockerfile: 615B 0.0s done
#1 DONE 0.0s

#2 resolve image config for docker-image://docker.io/docker/dockerfile:1
#2 DONE 0.2s

#3 docker-image://docker.io/docker/dockerfile:1@sha256:b6afd42430b15f2d2a4c5a02b919e98a525b785b1aaff16747d2f623364e39b6
#3 CACHED

#4 [internal] load metadata for docker.io/library/python:3.10-slim
#4 DONE 0.2s

#5 [internal] load .dockerignore
#5 transferring context: 275B done
#5 DONE 0.0s

#6 [1/6] FROM docker.io/library/python:3.10-slim@sha256:7b68a5fa7cf0d20b4cedb1dc9a134fdd394fe27edbc4c2519756c91d21df2313
#6 DONE 0.0s

#7 [internal] load build context
#7 transferring context: 65.92kB 0.1s done
#7 DONE 0.1s

#8 [2/6] WORKDIR /app
#8 CACHED

#9 [3/6] COPY requirements.txt ./
#9 CACHED

#10 [4/6] RUN pip install --no-cache-dir -r requirements.txt
#10 CACHED

#11 [5/6] COPY ev_cp_monitor/ ev_cp_monitor/
#11 DONE 0.0s

#12 [6/6] COPY ev_common/ ev_common/
#12 DONE 0.0s

#13 exporting to image
#13 exporting layers 0.1s done
#13 writing image sha256:69c1dff470849d193ea425d22b3b10f2810b68bd293f50eb01220d40298ab263 done
#13 naming to docker.io/library/ev_monitor:local done
#13 DONE 0.1s

View build details: docker-desktop://dashboard/build/desktop-linux/desktop-linux/pbjtpqjeudh0qz5dw2xlpkqqh
[BUILD] ---- FIN OUTPUT DOCKER BUILD MONITOR ---- 
[BUILD] Resultado (errorlevel): 0 
[BUILD OK] ev_monitor construido exitosamente 
[DEBUG] Ejecutando: docker ps -q --filter "label=component=engine" 
[DEBUG] CP_OFFSET detectado: 0 
[LOG] CPs existentes: 0 
[DEBUG] Antes de mostrar mensaje... 
[DEBUG] Mensaje mostrado 
[DEBUG] Iniciando timeout de 2 segundos... 
[DEBUG] Timeout completado, continuando... 
 
============================================================ 
[MAIN] INICIANDO LANZAMIENTO DE 1 CPs 
============================================================ 
[DEBUG] BASE_PORT=5000 
[DEBUG] KAFKA_SERVER=172.21.42.15:9092 
[DEBUG] CENTRAL_IP=172.21.42.15 
[DEBUG] CP_OFFSET=0 
[DEBUG] NUM_CPS=1 
 
[DEBUG] Antes de iniciar bucle FOR 
[DEBUG] Rango del bucle: 1 a 1 
 
[MAIN] ================================================ 
[MAIN] Iteracion 1 de 1 
[MAIN] CP_NUM calculado: 1 
[MAIN] ================================================ 
[DEBUG] A punto de llamar a LANZAR_CP con CP_NUM=1 
 
============================================================ 
[FUNCION] LANZAR_CP INICIADA 
============================================================ 
[DEBUG] LANZAR_CP llamado con CP_NUM=1 
[DEBUG] BASE_PORT=5000 
[DEBUG] KAFKA_SERVER=172.21.42.15:9092 
[DEBUG] CENTRAL_IP=172.21.42.15 
[DEBUG] CP_ID calculado: CP_001 
[DEBUG] ENGINE_PORT calculado: 5001 
 
[DEBUG] ---- COMANDO ENGINE ---- 
docker run --rm -p 5001:5001 -p 9001:9001 --name engine_CP_001 --label project=evcharging-pc-b --label component=engine --label cp_id=CP_001 -e ENGINE_PORT=5001 -e CP_ID=CP_001 -e KAFKA_SERVER=172.21.42.15:9092 -e WEB_PORT=9001 ev_engine:local 
 
[DEBUG] ---- COMANDO MONITOR ---- 
docker run --rm --network evnet --name monitor_CP_001 --label project=evcharging-pc-b --label component=monitor --label cp_id=CP_001 -e CP_ID=CP_001 -e CENTRAL_IP=172.21.42.15 -e CENTRAL_PORT=5000 -e ENGINE_IP=host.docker.internal -e ENGINE_PORT=5001 -e REGISTRY_URL= -e WEATHER_API_URL=http://host.docker.internal:5002 ev_monitor:local 
 
[DEBUG] ---- COMANDO POWERSHELL ENGINE ---- 
Write-Host 'Iniciando Engine (CP_001) en puerto 5001...' -ForegroundColor Cyan; Write-Host ''; docker run --rm -p 5001:5001 -p 9001:9001 --name engine_CP_001 --label project=evcharging-pc-b --label component=engine --label cp_id=CP_001 -e ENGINE_PORT=5001 -e CP_ID=CP_001 -e KAFKA_SERVER=172.21.42.15:9092 -e WEB_PORT=9001 ev_engine:local 
 
[DEBUG] ---- COMANDO POWERSHELL MONITOR ---- 
Write-Host 'Iniciando Monitor (CP_001)...' -ForegroundColor Cyan; Write-Host ''; docker run --rm --network evnet --name monitor_CP_001 --label project=evcharging-pc-b --label component=monitor --label cp_id=CP_001 -e CP_ID=CP_001 -e CENTRAL_IP=172.21.42.15 -e CENTRAL_PORT=5000 -e ENGINE_IP=host.docker.internal -e ENGINE_PORT=5001 -e REGISTRY_URL= -e WEATHER_API_URL=http://host.docker.internal:5002 ev_monitor:local 
 
[DEBUG] Ejecutando START PowerShell para Engine... 
[DEBUG] START ejecutado para Engine (errorlevel: 0) 
[DEBUG] Esperando 3 segundos... 
[DEBUG] Abriendo navegador en http://localhost:9001 
[DEBUG] Navegador abierto (errorlevel: 0) 
[DEBUG] Ejecutando START PowerShell para Monitor... 
[DEBUG] START ejecutado para Monitor (errorlevel: 0) 
[DEBUG] Lanzando Menu de Control para CP_001... 
 
============================================================ 
[FUNCION] LANZAR_MENU_CONTROL INICIADA 
============================================================ 
[DEBUG] LANZAR_MENU_CONTROL llamado con CP_ID=CP_001, WEB_PORT=9001 
[DEBUG] API_BASE_URL: http://127.0.0.1:9001/api 
[DEBUG] Script temporal creado: C:\Users\alumno\AppData\Local\Temp\menu_control_CP_001.bat 
[DEBUG] Menu de Control lanzado para CP_001 
============================================================ 
[DEBUG] Menu de Control lanzado 
[DEBUG] CP_001 completado 
============================================================ 
[DEBUG] Retorno de LANZAR_CP completado 
[MAIN] Esperando 2 segundos antes del siguiente CP... 
[DEBUG] Bucle FOR completado 
