============================================================ 
 LOG DE EJECUCION - PC_B_RUN.bat 
 Fecha/Hora: 05/11/2025 12:50:41,83 
============================================================ 
 
Docker version 28.4.0, build d8eb465
#0 building with "desktop-linux" instance using docker driver

#1 [internal] load build definition from Dockerfile
#1 transferring dockerfile: 697B done
#1 DONE 0.0s

#2 resolve image config for docker-image://docker.io/docker/dockerfile:1
#2 DONE 0.5s

#3 docker-image://docker.io/docker/dockerfile:1@sha256:b6afd42430b15f2d2a4c5a02b919e98a525b785b1aaff16747d2f623364e39b6
#3 resolve docker.io/docker/dockerfile:1@sha256:b6afd42430b15f2d2a4c5a02b919e98a525b785b1aaff16747d2f623364e39b6 0.0s done
#3 CACHED

#4 [internal] load metadata for docker.io/library/python:3.10-slim
#4 DONE 0.5s

#5 [internal] load .dockerignore
#5 transferring context: 275B done
#5 DONE 0.0s

#6 [internal] load build context
#6 transferring context: 8.74kB done
#6 DONE 0.0s

#7 [1/6] FROM docker.io/library/python:3.10-slim@sha256:2a8c7d9efdae9b636de80a187a4ce31374ffb3883a7be06232d25a96e8538bf4
#7 resolve docker.io/library/python:3.10-slim@sha256:2a8c7d9efdae9b636de80a187a4ce31374ffb3883a7be06232d25a96e8538bf4 0.0s done
#7 DONE 0.0s

#8 [2/6] WORKDIR /app
#8 CACHED

#9 [3/6] COPY requirements.txt ./
#9 CACHED

#10 [4/6] RUN pip install --no-cache-dir -r requirements.txt
#10 CACHED

#11 [5/6] COPY ev_driver/ ev_driver/
#11 CACHED

#12 [6/6] COPY ev_common/ ev_common/
#12 CACHED

#13 exporting to image
#13 exporting layers done
#13 exporting manifest sha256:6a2e200a1e55a7b80f62b2506e81b7e8f668885137c20c5b0bb0cd2a6d77e646 done
#13 exporting config sha256:f4718f92f1bae93c80ced01a0609978bc9e64ee40acc7b8f00eb12d54cbd251c done
#13 exporting attestation manifest sha256:7228d55b71b021f1f9cc77c07b46b4d51f7b953ace0f9ad0087426feffd1d829
#13 exporting attestation manifest sha256:7228d55b71b021f1f9cc77c07b46b4d51f7b953ace0f9ad0087426feffd1d829 0.0s done
#13 exporting manifest list sha256:de7b6db742ffcf4e1f5c7c14d27267080c4e799c20fae0936b32087f15913a4b 0.0s done
#13 naming to docker.io/library/ev_driver:local done
#13 unpacking to docker.io/library/ev_driver:local 0.0s done
#13 DONE 0.1s
