============================================================ 
 LOG DE EJECUCION - PC_B_RUN.bat 
 Fecha/Hora: 02/01/2026 22:00:13,22 
============================================================ 
 
Docker version 28.4.0, build d8eb465
[DEBUG] Verificando si Registry está corriendo localmente en puerto 6000... 
[DEBUG] Registry local detectado (HTTPS) - usando host.docker.internal 
[DEBUG] REGISTRY_URL final:  
[DEBUG] Directorio actual: C:\Users\panpatuhambre\Desktop\curso 25-26\SD\prac1ConRomero\evcharging-sd-2526 
[DEBUG] Verificando existencia de OPENWEATHER_API_KEY.txt... 
[DEBUG] Ruta completa buscada: C:\Users\panpatuhambre\Desktop\curso 25-26\SD\prac1ConRomero\evcharging-sd-2526\OPENWEATHER_API_KEY.txt 
[DEBUG] Archivo OPENWEATHER_API_KEY.txt encontrado 
[DEBUG] Contenido leido del archivo: 54076819eadd372702b599c788eb370f 
[DEBUG] Longitud de la API Key: 
54076819eadd372702b599c788eb370f 
[DEBUG] Verificando que la API Key no este vacia... 
[DEBUG] Valor de OPENWEATHER_API_KEY: "54076819eadd372702b599c788eb370f" 
[DEBUG] Verificando que la API Key fue leida correctamente... 
[DEBUG] Valor de OPENWEATHER_API_KEY: "54076819eadd372702b599c788eb370f" 
[DEBUG] API Key validada: tiene contenido 
[DEBUG] Verificando Python... 
[DEBUG] Python encontrado 
[DEBUG] Verificando ev_weather\EV_W.py... 
[DEBUG] Archivo ev_weather\EV_W.py encontrado 
[DEBUG] Llegando a :launch_weather 
[DEBUG] API Key leida correctamente: 54076819ea... 
[DEBUG] Iniciando lanzamiento de EV_Weather... 
[DEBUG] Creando script temporal... 
[DEBUG] Ruta del script temporal: C:\Users\PANPAT~1\AppData\Local\Temp\ev_weather_launch_18163.bat 
[DEBUG] Variables temporales configuradas 
[DEBUG] Escribiendo contenido del script temporal... 
[DEBUG] Ruta completa: C:\Users\PANPAT~1\AppData\Local\Temp\ev_weather_launch_18163.bat 
[DEBUG] Directorio del proyecto: C:\Users\panpatuhambre\Desktop\curso 25-26\SD\prac1ConRomero\evcharging-sd-2526 
[DEBUG] Resultado de creacion del script: 0 
[DEBUG] Script temporal creado exitosamente 
[DEBUG] Script temporal: C:\Users\PANPAT~1\AppData\Local\Temp\ev_weather_launch_18163.bat 
[DEBUG] API Key: 54076819ea... 
[DEBUG] Central URL: http://172.17.48.1:5001/api 
[DEBUG] Comando START ejecutado exitosamente 
[DEBUG] EV_Weather lanzado, continuando al MENU... 
[DEBUG] Llegando al MENU 
 
============================================================ 
[MODO] MULTIPLES CPS SELECCIONADO 
============================================================ 
[INPUT] Usuario ingreso: NUM_CPS=1 
[VALIDADO] NUM_CPS final: 1 
[BUILD] Iniciando construccion de imagenes 
[BUILD] Fecha/Hora: 02/01/2026 22:00:27,14 
 
[BUILD] Ejecutando: docker build -t ev_engine:local -f ev_cp_engine/Dockerfile . 
[BUILD] ---- INICIO OUTPUT DOCKER BUILD ENGINE ---- 
#0 building with "desktop-linux" instance using docker driver

#1 [internal] load build definition from Dockerfile
#1 transferring dockerfile: 580B 0.0s done
#1 DONE 0.0s

#2 resolve image config for docker-image://docker.io/docker/dockerfile:1
#2 DONE 1.4s

#3 docker-image://docker.io/docker/dockerfile:1@sha256:b6afd42430b15f2d2a4c5a02b919e98a525b785b1aaff16747d2f623364e39b6
#3 resolve docker.io/docker/dockerfile:1@sha256:b6afd42430b15f2d2a4c5a02b919e98a525b785b1aaff16747d2f623364e39b6 0.0s done
#3 CACHED

#4 [internal] load metadata for docker.io/library/python:3.10-slim
#4 DONE 1.8s

#5 [internal] load .dockerignore
#5 transferring context: 275B 0.0s done
#5 DONE 0.0s

#6 [internal] load build context
#6 transferring context: 136.49kB 0.0s done
#6 DONE 0.0s

#7 [1/6] FROM docker.io/library/python:3.10-slim@sha256:7b68a5fa7cf0d20b4cedb1dc9a134fdd394fe27edbc4c2519756c91d21df2313
#7 resolve docker.io/library/python:3.10-slim@sha256:7b68a5fa7cf0d20b4cedb1dc9a134fdd394fe27edbc4c2519756c91d21df2313
#7 resolve docker.io/library/python:3.10-slim@sha256:7b68a5fa7cf0d20b4cedb1dc9a134fdd394fe27edbc4c2519756c91d21df2313 0.0s done
#7 DONE 0.0s

#7 [1/6] FROM docker.io/library/python:3.10-slim@sha256:7b68a5fa7cf0d20b4cedb1dc9a134fdd394fe27edbc4c2519756c91d21df2313
#7 sha256:7da4424a113245eb185ea22f2512eceb36f80ca1d0547c64b117f28495d3c3e5 0B / 250B 0.2s
#7 sha256:9c27bc7ba63d1ac690daefc68302197d3ab9a91fc5c0e19f447cd57eda92d87c 0B / 13.82MB 0.2s
#7 sha256:8715e552fa1374bdde269437d9a1c607c817289c2ebbceb9ed9ab1aa9ca86763 0B / 1.29MB 0.2s
#7 sha256:02d7611c4eae219af91448a4720bdba036575d3bc0356cfe12774af85daa6aff 0B / 29.78MB 0.2s
#7 sha256:7da4424a113245eb185ea22f2512eceb36f80ca1d0547c64b117f28495d3c3e5 250B / 250B 0.5s done
#7 sha256:9c27bc7ba63d1ac690daefc68302197d3ab9a91fc5c0e19f447cd57eda92d87c 1.05MB / 13.82MB 1.1s
#7 sha256:9c27bc7ba63d1ac690daefc68302197d3ab9a91fc5c0e19f447cd57eda92d87c 2.10MB / 13.82MB 1.5s
#7 sha256:8715e552fa1374bdde269437d9a1c607c817289c2ebbceb9ed9ab1aa9ca86763 1.29MB / 1.29MB 1.5s done
#7 sha256:9c27bc7ba63d1ac690daefc68302197d3ab9a91fc5c0e19f447cd57eda92d87c 3.15MB / 13.82MB 1.8s
#7 sha256:9c27bc7ba63d1ac690daefc68302197d3ab9a91fc5c0e19f447cd57eda92d87c 4.19MB / 13.82MB 2.3s
#7 sha256:02d7611c4eae219af91448a4720bdba036575d3bc0356cfe12774af85daa6aff 2.10MB / 29.78MB 2.4s
#7 sha256:9c27bc7ba63d1ac690daefc68302197d3ab9a91fc5c0e19f447cd57eda92d87c 5.24MB / 13.82MB 2.7s
#7 sha256:02d7611c4eae219af91448a4720bdba036575d3bc0356cfe12774af85daa6aff 4.19MB / 29.78MB 2.9s
#7 sha256:02d7611c4eae219af91448a4720bdba036575d3bc0356cfe12774af85daa6aff 6.29MB / 29.78MB 3.3s
#7 sha256:02d7611c4eae219af91448a4720bdba036575d3bc0356cfe12774af85daa6aff 8.39MB / 29.78MB 4.8s
#7 sha256:9c27bc7ba63d1ac690daefc68302197d3ab9a91fc5c0e19f447cd57eda92d87c 6.29MB / 13.82MB 5.3s
#7 sha256:02d7611c4eae219af91448a4720bdba036575d3bc0356cfe12774af85daa6aff 10.49MB / 29.78MB 5.3s
#7 sha256:02d7611c4eae219af91448a4720bdba036575d3bc0356cfe12774af85daa6aff 12.58MB / 29.78MB 6.0s
#7 sha256:02d7611c4eae219af91448a4720bdba036575d3bc0356cfe12774af85daa6aff 14.68MB / 29.78MB 6.6s
#7 sha256:9c27bc7ba63d1ac690daefc68302197d3ab9a91fc5c0e19f447cd57eda92d87c 7.34MB / 13.82MB 7.1s
#7 sha256:02d7611c4eae219af91448a4720bdba036575d3bc0356cfe12774af85daa6aff 16.78MB / 29.78MB 7.1s
#7 sha256:02d7611c4eae219af91448a4720bdba036575d3bc0356cfe12774af85daa6aff 18.87MB / 29.78MB 7.5s
#7 sha256:02d7611c4eae219af91448a4720bdba036575d3bc0356cfe12774af85daa6aff 20.97MB / 29.78MB 8.0s
#7 sha256:02d7611c4eae219af91448a4720bdba036575d3bc0356cfe12774af85daa6aff 23.07MB / 29.78MB 8.4s
#7 sha256:02d7611c4eae219af91448a4720bdba036575d3bc0356cfe12774af85daa6aff 25.17MB / 29.78MB 9.3s
#7 sha256:02d7611c4eae219af91448a4720bdba036575d3bc0356cfe12774af85daa6aff 27.26MB / 29.78MB 10.2s
#7 sha256:02d7611c4eae219af91448a4720bdba036575d3bc0356cfe12774af85daa6aff 29.78MB / 29.78MB 10.7s done
#7 extracting sha256:02d7611c4eae219af91448a4720bdba036575d3bc0356cfe12774af85daa6aff
#7 sha256:9c27bc7ba63d1ac690daefc68302197d3ab9a91fc5c0e19f447cd57eda92d87c 8.39MB / 13.82MB 11.0s
#7 sha256:9c27bc7ba63d1ac690daefc68302197d3ab9a91fc5c0e19f447cd57eda92d87c 9.44MB / 13.82MB 12.0s
#7 extracting sha256:02d7611c4eae219af91448a4720bdba036575d3bc0356cfe12774af85daa6aff 1.5s done
#7 extracting sha256:8715e552fa1374bdde269437d9a1c607c817289c2ebbceb9ed9ab1aa9ca86763
#7 extracting sha256:8715e552fa1374bdde269437d9a1c607c817289c2ebbceb9ed9ab1aa9ca86763 0.2s done
#7 sha256:9c27bc7ba63d1ac690daefc68302197d3ab9a91fc5c0e19f447cd57eda92d87c 10.49MB / 13.82MB 12.6s
#7 sha256:9c27bc7ba63d1ac690daefc68302197d3ab9a91fc5c0e19f447cd57eda92d87c 11.53MB / 13.82MB 13.1s
#7 sha256:9c27bc7ba63d1ac690daefc68302197d3ab9a91fc5c0e19f447cd57eda92d87c 12.58MB / 13.82MB 13.4s
#7 sha256:9c27bc7ba63d1ac690daefc68302197d3ab9a91fc5c0e19f447cd57eda92d87c 13.63MB / 13.82MB 13.8s
#7 sha256:9c27bc7ba63d1ac690daefc68302197d3ab9a91fc5c0e19f447cd57eda92d87c 13.82MB / 13.82MB 14.0s done
#7 extracting sha256:9c27bc7ba63d1ac690daefc68302197d3ab9a91fc5c0e19f447cd57eda92d87c
#7 extracting sha256:9c27bc7ba63d1ac690daefc68302197d3ab9a91fc5c0e19f447cd57eda92d87c 0.9s done
#7 DONE 15.0s

#7 [1/6] FROM docker.io/library/python:3.10-slim@sha256:7b68a5fa7cf0d20b4cedb1dc9a134fdd394fe27edbc4c2519756c91d21df2313
#7 extracting sha256:7da4424a113245eb185ea22f2512eceb36f80ca1d0547c64b117f28495d3c3e5 0.0s done
#7 DONE 15.1s

#8 [2/6] WORKDIR /app
#8 DONE 0.3s

#9 [3/6] COPY requirements.txt ./
#9 DONE 0.0s

#10 [4/6] RUN pip install --no-cache-dir -r requirements.txt
#10 2.003 Collecting pymysql
#10 2.109   Downloading pymysql-1.1.2-py3-none-any.whl (45 kB)
#10 2.125      ━━━━━━━━━━━━━━━━━━━━━━━━━━━━━━━━━━━━━━━━ 45.3/45.3 kB 3.4 MB/s eta 0:00:00
#10 2.272 Collecting mysql-connector-python
#10 2.297   Downloading mysql_connector_python-9.5.0-cp310-cp310-manylinux_2_28_x86_64.whl (34.1 MB)
#10 8.640      ━━━━━━━━━━━━━━━━━━━━━━━━━━━━━━━━━━━━━━━━ 34.1/34.1 MB 5.4 MB/s eta 0:00:00
#10 8.819 Collecting kafka-python-ng
#10 8.853   Downloading kafka_python_ng-2.2.3-py2.py3-none-any.whl (232 kB)
#10 8.934      ━━━━━━━━━━━━━━━━━━━━━━━━━━━━━━━━━━━━━━━ 232.8/232.8 kB 2.9 MB/s eta 0:00:00
#10 9.168 Collecting rich
#10 9.203   Downloading rich-14.2.0-py3-none-any.whl (243 kB)
#10 9.273      ━━━━━━━━━━━━━━━━━━━━━━━━━━━━━━━━━━━━━━━ 243.4/243.4 kB 3.5 MB/s eta 0:00:00
#10 9.357 Collecting flask==3.0.0
#10 9.385   Downloading flask-3.0.0-py3-none-any.whl (99 kB)
#10 9.414      ━━━━━━━━━━━━━━━━━━━━━━━━━━━━━━━━━━━━━━━━ 99.7/99.7 kB 4.0 MB/s eta 0:00:00
#10 9.470 Collecting flask-cors==4.0.0
#10 9.500   Downloading Flask_Cors-4.0.0-py2.py3-none-any.whl (14 kB)
#10 9.553 Collecting flask-socketio==5.3.6
#10 9.594   Downloading Flask_SocketIO-5.3.6-py3-none-any.whl (18 kB)
#10 9.672 Collecting python-socketio==5.10.0
#10 9.713   Downloading python_socketio-5.10.0-py3-none-any.whl (74 kB)
#10 9.728      ━━━━━━━━━━━━━━━━━━━━━━━━━━━━━━━━━━━━━━━━ 74.4/74.4 kB 7.2 MB/s eta 0:00:00
#10 9.819 Collecting requests
#10 9.848   Downloading requests-2.32.5-py3-none-any.whl (64 kB)
#10 9.859      ━━━━━━━━━━━━━━━━━━━━━━━━━━━━━━━━━━━━━━━━ 64.7/64.7 kB 7.2 MB/s eta 0:00:00
#10 10.33 Collecting cryptography
#10 10.36   Downloading cryptography-46.0.3-cp38-abi3-manylinux_2_34_x86_64.whl (4.5 MB)
#10 11.01      ━━━━━━━━━━━━━━━━━━━━━━━━━━━━━━━━━━━━━━━━ 4.5/4.5 MB 6.8 MB/s eta 0:00:00
#10 11.07 Collecting itsdangerous>=2.1.2
#10 11.10   Downloading itsdangerous-2.2.0-py3-none-any.whl (16 kB)
#10 11.14 Collecting blinker>=1.6.2
#10 11.19   Downloading blinker-1.9.0-py3-none-any.whl (8.5 kB)
#10 11.25 Collecting Werkzeug>=3.0.0
#10 11.31   Downloading werkzeug-3.1.4-py3-none-any.whl (224 kB)
#10 11.36      ━━━━━━━━━━━━━━━━━━━━━━━━━━━━━━━━━━━━━━━ 225.0/225.0 kB 4.2 MB/s eta 0:00:00
#10 11.45 Collecting Jinja2>=3.1.2
#10 11.51   Downloading jinja2-3.1.6-py3-none-any.whl (134 kB)
#10 11.58      ━━━━━━━━━━━━━━━━━━━━━━━━━━━━━━━━━━━━━━━ 134.9/134.9 kB 1.9 MB/s eta 0:00:00
#10 11.64 Collecting click>=8.1.3
#10 11.67   Downloading click-8.3.1-py3-none-any.whl (108 kB)
#10 11.70      ━━━━━━━━━━━━━━━━━━━━━━━━━━━━━━━━━━━━━━━ 108.3/108.3 kB 3.1 MB/s eta 0:00:00
#10 11.77 Collecting bidict>=0.21.0
#10 11.81   Downloading bidict-0.23.1-py3-none-any.whl (32 kB)
#10 11.88 Collecting python-engineio>=4.8.0
#10 11.92   Downloading python_engineio-4.13.0-py3-none-any.whl (59 kB)
#10 11.93      ━━━━━━━━━━━━━━━━━━━━━━━━━━━━━━━━━━━━━━━━ 59.7/59.7 kB 11.3 MB/s eta 0:00:00
#10 12.03 Collecting pygments<3.0.0,>=2.13.0
#10 12.06   Downloading pygments-2.19.2-py3-none-any.whl (1.2 MB)
#10 12.27      ━━━━━━━━━━━━━━━━━━━━━━━━━━━━━━━━━━━━━━━━ 1.2/1.2 MB 6.0 MB/s eta 0:00:00
#10 12.40 Collecting markdown-it-py>=2.2.0
#10 12.47   Downloading markdown_it_py-4.0.0-py3-none-any.whl (87 kB)
#10 12.52      ━━━━━━━━━━━━━━━━━━━━━━━━━━━━━━━━━━━━━━━━ 87.3/87.3 kB 1.7 MB/s eta 0:00:00
#10 12.61 Collecting urllib3<3,>=1.21.1
#10 12.63   Downloading urllib3-2.6.2-py3-none-any.whl (131 kB)
#10 12.65      ━━━━━━━━━━━━━━━━━━━━━━━━━━━━━━━━━━━━━━━ 131.2/131.2 kB 7.4 MB/s eta 0:00:00
#10 12.71 Collecting certifi>=2017.4.17
#10 12.73   Downloading certifi-2025.11.12-py3-none-any.whl (159 kB)
#10 12.76      ━━━━━━━━━━━━━━━━━━━━━━━━━━━━━━━━━━━━━━━ 159.4/159.4 kB 7.7 MB/s eta 0:00:00
#10 13.02 Collecting charset_normalizer<4,>=2
#10 13.07   Downloading charset_normalizer-3.4.4-cp310-cp310-manylinux2014_x86_64.manylinux_2_17_x86_64.manylinux_2_28_x86_64.whl (153 kB)
#10 13.14      ━━━━━━━━━━━━━━━━━━━━━━━━━━━━━━━━━━━━━━━ 153.6/153.6 kB 2.1 MB/s eta 0:00:00
#10 13.24 Collecting idna<4,>=2.5
#10 13.28   Downloading idna-3.11-py3-none-any.whl (71 kB)
#10 13.30      ━━━━━━━━━━━━━━━━━━━━━━━━━━━━━━━━━━━━━━━━ 71.0/71.0 kB 20.4 MB/s eta 0:00:00
#10 13.39 Collecting typing-extensions>=4.13.2
#10 13.47   Downloading typing_extensions-4.15.0-py3-none-any.whl (44 kB)
#10 13.48      ━━━━━━━━━━━━━━━━━━━━━━━━━━━━━━━━━━━━━━━━ 44.6/44.6 kB 5.9 MB/s eta 0:00:00
#10 13.86 Collecting cffi>=2.0.0
#10 13.90   Downloading cffi-2.0.0-cp310-cp310-manylinux2014_x86_64.manylinux_2_17_x86_64.whl (216 kB)
#10 14.05      ━━━━━━━━━━━━━━━━━━━━━━━━━━━━━━━━━━━━━━━ 216.5/216.5 kB 1.5 MB/s eta 0:00:00
#10 14.13 Collecting pycparser
#10 14.18   Downloading pycparser-2.23-py3-none-any.whl (118 kB)
#10 14.30      ━━━━━━━━━━━━━━━━━━━━━━━━━━━━━━━━━━━━━ 118.1/118.1 kB 923.4 kB/s eta 0:00:00
#10 14.49 Collecting MarkupSafe>=2.0
#10 14.52   Downloading markupsafe-3.0.3-cp310-cp310-manylinux2014_x86_64.manylinux_2_17_x86_64.manylinux_2_28_x86_64.whl (20 kB)
#10 14.62 Collecting mdurl~=0.1
#10 14.65   Downloading mdurl-0.1.2-py3-none-any.whl (10.0 kB)
#10 14.71 Collecting simple-websocket>=0.10.0
#10 14.74   Downloading simple_websocket-1.1.0-py3-none-any.whl (13 kB)
#10 14.80 Collecting wsproto
#10 14.83   Downloading wsproto-1.3.2-py3-none-any.whl (24 kB)
#10 14.88 Collecting h11<1,>=0.16.0
#10 14.91   Downloading h11-0.16.0-py3-none-any.whl (37 kB)
#10 15.07 Installing collected packages: urllib3, typing-extensions, pymysql, pygments, pycparser, mysql-connector-python, mdurl, MarkupSafe, kafka-python-ng, itsdangerous, idna, h11, click, charset_normalizer, certifi, blinker, bidict, wsproto, Werkzeug, requests, markdown-it-py, Jinja2, cffi, simple-websocket, rich, flask, cryptography, python-engineio, flask-cors, python-socketio, flask-socketio
#10 18.51 Successfully installed Jinja2-3.1.6 MarkupSafe-3.0.3 Werkzeug-3.1.4 bidict-0.23.1 blinker-1.9.0 certifi-2025.11.12 cffi-2.0.0 charset_normalizer-3.4.4 click-8.3.1 cryptography-46.0.3 flask-3.0.0 flask-cors-4.0.0 flask-socketio-5.3.6 h11-0.16.0 idna-3.11 itsdangerous-2.2.0 kafka-python-ng-2.2.3 markdown-it-py-4.0.0 mdurl-0.1.2 mysql-connector-python-9.5.0 pycparser-2.23 pygments-2.19.2 pymysql-1.1.2 python-engineio-4.13.0 python-socketio-5.10.0 requests-2.32.5 rich-14.2.0 simple-websocket-1.1.0 typing-extensions-4.15.0 urllib3-2.6.2 wsproto-1.3.2
#10 18.51 WARNING: Running pip as the 'root' user can result in broken permissions and conflicting behaviour with the system package manager. It is recommended to use a virtual environment instead: https://pip.pypa.io/warnings/venv
#10 18.75 
#10 18.75 [notice] A new release of pip is available: 23.0.1 -> 25.3
#10 18.75 [notice] To update, run: pip install --upgrade pip
#10 DONE 19.2s

#11 [5/6] COPY ev_cp_engine/ ev_cp_engine/
#11 DONE 0.1s

#12 [6/6] COPY ev_common/ ev_common/
#12 DONE 0.0s

#13 exporting to image
#13 exporting layers
#13 exporting layers 5.0s done
#13 exporting manifest sha256:3fc361129225eb8748b56417561e7a8de129de26856ff0c3bcb0c11f1571f4a4 0.0s done
#13 exporting config sha256:181102a8d98f73a1b06ad430c8b71c772e82aea855eadf5a2d458b5087466b53 0.0s done
#13 exporting attestation manifest sha256:21683a53b8fe494dbd1b326269c314bd1a6229838e5b74b3c2001a5867d6adf2 0.0s done
#13 exporting manifest list sha256:f6617ddc30fce8cea30cc10af0e65adaca6345ef2fb50b09b25f1dd64aafc7ff 0.0s done
#13 naming to docker.io/library/ev_engine:local done
#13 unpacking to docker.io/library/ev_engine:local
#13 unpacking to docker.io/library/ev_engine:local 2.0s done
#13 DONE 7.2s
[BUILD] ---- FIN OUTPUT DOCKER BUILD ENGINE ---- 
[BUILD] Resultado (errorlevel): 0 
[BUILD OK] ev_engine construido exitosamente 
[BUILD] Ejecutando: docker build -t ev_monitor:local -f ev_cp_monitor/Dockerfile . 
[BUILD] ---- INICIO OUTPUT DOCKER BUILD MONITOR ---- 
#0 building with "desktop-linux" instance using docker driver

#1 [internal] load build definition from Dockerfile
#1 transferring dockerfile: 615B 0.0s done
#1 DONE 0.0s

#2 resolve image config for docker-image://docker.io/docker/dockerfile:1
#2 DONE 0.6s

#3 docker-image://docker.io/docker/dockerfile:1@sha256:b6afd42430b15f2d2a4c5a02b919e98a525b785b1aaff16747d2f623364e39b6
#3 resolve docker.io/docker/dockerfile:1@sha256:b6afd42430b15f2d2a4c5a02b919e98a525b785b1aaff16747d2f623364e39b6 0.0s done
#3 CACHED

#4 [internal] load metadata for docker.io/library/python:3.10-slim
#4 DONE 0.5s

#5 [internal] load .dockerignore
#5 transferring context: 275B done
#5 DONE 0.0s

#6 [internal] load build context
#6 transferring context: 65.92kB 0.0s done
#6 DONE 0.0s

#7 [1/6] FROM docker.io/library/python:3.10-slim@sha256:7b68a5fa7cf0d20b4cedb1dc9a134fdd394fe27edbc4c2519756c91d21df2313
#7 resolve docker.io/library/python:3.10-slim@sha256:7b68a5fa7cf0d20b4cedb1dc9a134fdd394fe27edbc4c2519756c91d21df2313 0.0s done
#7 DONE 0.0s

#8 [2/6] WORKDIR /app
#8 CACHED

#9 [3/6] COPY requirements.txt ./
#9 CACHED

#10 [4/6] RUN pip install --no-cache-dir -r requirements.txt
#10 CACHED

#11 [5/6] COPY ev_cp_monitor/ ev_cp_monitor/
#11 DONE 0.0s

#12 [6/6] COPY ev_common/ ev_common/
#12 DONE 0.0s

#13 exporting to image
#13 exporting layers 0.1s done
#13 exporting manifest sha256:9560c8df69b7c695868ffaf82df8b41335ab069dd6958c904cc0e8c52a71ed20 0.0s done
#13 exporting config sha256:dc7c0c20c734473f8cb0e21aaeb3411eea48de9d3750fc0f41fe5863dd84f19b 0.0s done
#13 exporting attestation manifest sha256:1e8bd8daf0f1e5a696f985392e858106b0fba56ff07761829db5015fee1cbae4 0.0s done
#13 exporting manifest list sha256:e960e8fe08f1e74be5a896218cf2e1a91ece6015d693efea232e5cf200180135 0.0s done
#13 naming to docker.io/library/ev_monitor:local done
#13 unpacking to docker.io/library/ev_monitor:local 0.1s done
#13 DONE 0.3s
[BUILD] ---- FIN OUTPUT DOCKER BUILD MONITOR ---- 
[BUILD] Resultado (errorlevel): 0 
[BUILD OK] ev_monitor construido exitosamente 
[DEBUG] Ejecutando: docker ps -q --filter "label=component=engine" 
[DEBUG] CP_OFFSET detectado: 0 
[LOG] CPs existentes: 0 
[DEBUG] Antes de mostrar mensaje... 
[DEBUG] Mensaje mostrado 
[DEBUG] Iniciando timeout de 2 segundos... 
[DEBUG] Timeout completado, continuando... 
 
============================================================ 
[MAIN] INICIANDO LANZAMIENTO DE 1 CPs 
============================================================ 
[DEBUG] BASE_PORT=5000 
[DEBUG] KAFKA_SERVER=172.17.48.1:9092 
[DEBUG] CENTRAL_IP=172.17.48.1 
[DEBUG] CP_OFFSET=0 
[DEBUG] NUM_CPS=1 
 
[DEBUG] Antes de iniciar bucle FOR 
[DEBUG] Rango del bucle: 1 a 1 
 
[MAIN] ================================================ 
[MAIN] Iteracion 1 de 1 
[MAIN] CP_NUM calculado: 1 
[MAIN] ================================================ 
[DEBUG] A punto de llamar a LANZAR_CP con CP_NUM=1 
 
============================================================ 
[FUNCION] LANZAR_CP INICIADA 
============================================================ 
[DEBUG] LANZAR_CP llamado con CP_NUM=1 
[DEBUG] BASE_PORT=5000 
[DEBUG] KAFKA_SERVER=172.17.48.1:9092 
[DEBUG] CENTRAL_IP=172.17.48.1 
[DEBUG] CP_ID calculado: CP_001 
[DEBUG] ENGINE_PORT calculado: 5001 
 
[DEBUG] ---- COMANDO ENGINE ---- 
docker run --rm -p 5001:5001 -p 9001:9001 --name engine_CP_001 --label project=evcharging-pc-b --label component=engine --label cp_id=CP_001 -e ENGINE_PORT=5001 -e CP_ID=CP_001 -e KAFKA_SERVER=172.17.48.1:9092 -e WEB_PORT=9001 ev_engine:local 
 
[DEBUG] ---- COMANDO MONITOR ---- 
docker run --rm --network evnet --name monitor_CP_001 --label project=evcharging-pc-b --label component=monitor --label cp_id=CP_001 -e CP_ID=CP_001 -e CENTRAL_IP=172.17.48.1 -e CENTRAL_PORT=5000 -e ENGINE_IP=host.docker.internal -e ENGINE_PORT=5001 -e REGISTRY_URL= -e WEATHER_API_URL=http://host.docker.internal:5002 ev_monitor:local 
 
[DEBUG] ---- COMANDO POWERSHELL ENGINE ---- 
Write-Host 'Iniciando Engine (CP_001) en puerto 5001...' -ForegroundColor Cyan; Write-Host ''; docker run --rm -p 5001:5001 -p 9001:9001 --name engine_CP_001 --label project=evcharging-pc-b --label component=engine --label cp_id=CP_001 -e ENGINE_PORT=5001 -e CP_ID=CP_001 -e KAFKA_SERVER=172.17.48.1:9092 -e WEB_PORT=9001 ev_engine:local 
 
[DEBUG] ---- COMANDO POWERSHELL MONITOR ---- 
Write-Host 'Iniciando Monitor (CP_001)...' -ForegroundColor Cyan; Write-Host ''; docker run --rm --network evnet --name monitor_CP_001 --label project=evcharging-pc-b --label component=monitor --label cp_id=CP_001 -e CP_ID=CP_001 -e CENTRAL_IP=172.17.48.1 -e CENTRAL_PORT=5000 -e ENGINE_IP=host.docker.internal -e ENGINE_PORT=5001 -e REGISTRY_URL= -e WEATHER_API_URL=http://host.docker.internal:5002 ev_monitor:local 
 
[DEBUG] Ejecutando START PowerShell para Engine... 
[DEBUG] START ejecutado para Engine (errorlevel: 0) 
[DEBUG] Esperando 3 segundos... 
[DEBUG] Abriendo navegador en http://localhost:9001 
[DEBUG] Navegador abierto (errorlevel: 0) 
[DEBUG] Ejecutando START PowerShell para Monitor... 
[DEBUG] START ejecutado para Monitor (errorlevel: 0) 
[DEBUG] Lanzando Menu de Control para CP_001... 
 
============================================================ 
[FUNCION] LANZAR_MENU_CONTROL INICIADA 
============================================================ 
[DEBUG] LANZAR_MENU_CONTROL llamado con CP_ID=CP_001, WEB_PORT=9001 
[DEBUG] API_BASE_URL: http://127.0.0.1:9001/api 
[DEBUG] Script temporal creado: C:\Users\PANPAT~1\AppData\Local\Temp\menu_control_CP_001.bat 
[DEBUG] Menu de Control lanzado para CP_001 
============================================================ 
[DEBUG] Menu de Control lanzado 
[DEBUG] CP_001 completado 
============================================================ 
[DEBUG] Retorno de LANZAR_CP completado 
[MAIN] Esperando 2 segundos antes del siguiente CP... 
[DEBUG] Bucle FOR completado 
