============================================================ 
 LOG DE EJECUCION - PC_B_RUN.bat 
 Fecha/Hora: 09/12/2025 18:53:45,84 
============================================================ 
 
Docker version 28.4.0, build d8eb465
[DEBUG] Directorio actual: C:\Users\panpatuhambre\Desktop\curso 25-26\SD\prac1ConRomero\evcharging-sd-2526 
[DEBUG] Verificando existencia de OPENWEATHER_API_KEY.txt... 
[DEBUG] Ruta completa buscada: C:\Users\panpatuhambre\Desktop\curso 25-26\SD\prac1ConRomero\evcharging-sd-2526\OPENWEATHER_API_KEY.txt 
[DEBUG] Archivo OPENWEATHER_API_KEY.txt encontrado 
[DEBUG] Contenido leido del archivo: 54076819eadd372702b599c788eb370f 
[DEBUG] Longitud de la API Key: 
54076819eadd372702b599c788eb370f 
[DEBUG] Verificando que la API Key no este vacia... 
[DEBUG] Valor de OPENWEATHER_API_KEY: "54076819eadd372702b599c788eb370f" 
[DEBUG] Verificando que la API Key fue leida correctamente... 
[DEBUG] Valor de OPENWEATHER_API_KEY: "54076819eadd372702b599c788eb370f" 
[DEBUG] API Key validada: tiene contenido 
[DEBUG] Verificando Python... 
[DEBUG] Python encontrado 
[DEBUG] Verificando ev_weather\EV_W.py... 
[DEBUG] Archivo ev_weather\EV_W.py encontrado 
[DEBUG] Llegando a :launch_weather 
[DEBUG] API Key leida correctamente: 54076819ea... 
[DEBUG] Iniciando lanzamiento de EV_Weather... 
[DEBUG] Creando script temporal... 
[DEBUG] Ruta del script temporal: C:\Users\PANPAT~1\AppData\Local\Temp\ev_weather_launch_25867.bat 
[DEBUG] Variables temporales configuradas 
[DEBUG] Escribiendo contenido del script temporal... 
[DEBUG] Ruta completa: C:\Users\PANPAT~1\AppData\Local\Temp\ev_weather_launch_25867.bat 
[DEBUG] Directorio del proyecto: C:\Users\panpatuhambre\Desktop\curso 25-26\SD\prac1ConRomero\evcharging-sd-2526 
[DEBUG] Resultado de creacion del script: 0 
[DEBUG] Script temporal creado exitosamente 
[DEBUG] Script temporal: C:\Users\PANPAT~1\AppData\Local\Temp\ev_weather_launch_25867.bat 
[DEBUG] API Key: 54076819ea... 
[DEBUG] Central URL: http://192.168.1.43:5001/api 
[DEBUG] Comando START ejecutado exitosamente 
[DEBUG] EV_Weather lanzado, continuando al MENU... 
[DEBUG] Llegando al MENU 
 
============================================================ 
[MODO] MULTIPLES CPS SELECCIONADO 
============================================================ 
[INPUT] Usuario ingreso: NUM_CPS=2 
[VALIDADO] NUM_CPS final: 2 
[BUILD] Iniciando construccion de imagenes 
[BUILD] Fecha/Hora: 09/12/2025 18:54:01,16 
 
[BUILD] Ejecutando: docker build -t ev_engine:local -f ev_cp_engine/Dockerfile . 
[BUILD] ---- INICIO OUTPUT DOCKER BUILD ENGINE ---- 
#0 building with "desktop-linux" instance using docker driver

#1 [internal] load build definition from Dockerfile
#1 transferring dockerfile: 580B 0.0s done
#1 DONE 0.0s

#2 resolve image config for docker-image://docker.io/docker/dockerfile:1
#2 DONE 1.3s

#3 docker-image://docker.io/docker/dockerfile:1@sha256:b6afd42430b15f2d2a4c5a02b919e98a525b785b1aaff16747d2f623364e39b6
#3 resolve docker.io/docker/dockerfile:1@sha256:b6afd42430b15f2d2a4c5a02b919e98a525b785b1aaff16747d2f623364e39b6 0.0s done
#3 CACHED

#4 [internal] load metadata for docker.io/library/python:3.10-slim
#4 DONE 1.6s

#5 [internal] load .dockerignore
#5 transferring context: 275B done
#5 DONE 0.0s

#6 [1/6] FROM docker.io/library/python:3.10-slim@sha256:8769cc10045c67eac267537ff0950ce644eeebd9f0e88bec0604548a88f1f33d
#6 resolve docker.io/library/python:3.10-slim@sha256:8769cc10045c67eac267537ff0950ce644eeebd9f0e88bec0604548a88f1f33d 0.0s done
#6 ...

#7 [internal] load build context
#7 transferring context: 119.72kB 0.0s done
#7 DONE 0.1s

#6 [1/6] FROM docker.io/library/python:3.10-slim@sha256:8769cc10045c67eac267537ff0950ce644eeebd9f0e88bec0604548a88f1f33d
#6 sha256:7bceabe27cdff3949f8ad5eb4db394db5850a5fbc33e0371b4d621298ef7ccb1 0B / 248B 0.2s
#6 sha256:004f0aa18a079de0973edc8a53f2397b4fe498cc595e21fb32ab01c89eb00a70 0B / 13.82MB 0.2s
#6 sha256:9fd9e26f8f287696571eb98b5e10e91211abbc4dd5918c5a2f50d1b697191540 0B / 1.29MB 0.2s
#6 sha256:1733a4cd59540b3470ff7a90963bcdea5b543279dd6bdaf022d7883fdad221e5 0B / 29.78MB 0.2s
#6 sha256:7bceabe27cdff3949f8ad5eb4db394db5850a5fbc33e0371b4d621298ef7ccb1 248B / 248B 0.4s done
#6 sha256:9fd9e26f8f287696571eb98b5e10e91211abbc4dd5918c5a2f50d1b697191540 1.29MB / 1.29MB 0.9s done
#6 sha256:004f0aa18a079de0973edc8a53f2397b4fe498cc595e21fb32ab01c89eb00a70 5.24MB / 13.82MB 1.1s
#6 sha256:004f0aa18a079de0973edc8a53f2397b4fe498cc595e21fb32ab01c89eb00a70 8.39MB / 13.82MB 1.2s
#6 sha256:004f0aa18a079de0973edc8a53f2397b4fe498cc595e21fb32ab01c89eb00a70 12.58MB / 13.82MB 1.4s
#6 sha256:004f0aa18a079de0973edc8a53f2397b4fe498cc595e21fb32ab01c89eb00a70 13.82MB / 13.82MB 1.4s done
#6 sha256:1733a4cd59540b3470ff7a90963bcdea5b543279dd6bdaf022d7883fdad221e5 4.19MB / 29.78MB 1.5s
#6 sha256:1733a4cd59540b3470ff7a90963bcdea5b543279dd6bdaf022d7883fdad221e5 7.34MB / 29.78MB 1.8s
#6 sha256:1733a4cd59540b3470ff7a90963bcdea5b543279dd6bdaf022d7883fdad221e5 9.44MB / 29.78MB 2.0s
#6 sha256:1733a4cd59540b3470ff7a90963bcdea5b543279dd6bdaf022d7883fdad221e5 11.53MB / 29.78MB 2.1s
#6 sha256:1733a4cd59540b3470ff7a90963bcdea5b543279dd6bdaf022d7883fdad221e5 13.63MB / 29.78MB 2.3s
#6 sha256:1733a4cd59540b3470ff7a90963bcdea5b543279dd6bdaf022d7883fdad221e5 16.78MB / 29.78MB 2.4s
#6 sha256:1733a4cd59540b3470ff7a90963bcdea5b543279dd6bdaf022d7883fdad221e5 19.92MB / 29.78MB 2.6s
#6 sha256:1733a4cd59540b3470ff7a90963bcdea5b543279dd6bdaf022d7883fdad221e5 24.12MB / 29.78MB 2.7s
#6 sha256:1733a4cd59540b3470ff7a90963bcdea5b543279dd6bdaf022d7883fdad221e5 28.31MB / 29.78MB 2.9s
#6 sha256:1733a4cd59540b3470ff7a90963bcdea5b543279dd6bdaf022d7883fdad221e5 29.78MB / 29.78MB 3.0s done
#6 extracting sha256:1733a4cd59540b3470ff7a90963bcdea5b543279dd6bdaf022d7883fdad221e5
#6 extracting sha256:1733a4cd59540b3470ff7a90963bcdea5b543279dd6bdaf022d7883fdad221e5 1.1s done
#6 extracting sha256:9fd9e26f8f287696571eb98b5e10e91211abbc4dd5918c5a2f50d1b697191540
#6 extracting sha256:9fd9e26f8f287696571eb98b5e10e91211abbc4dd5918c5a2f50d1b697191540 0.2s done
#6 DONE 4.4s

#6 [1/6] FROM docker.io/library/python:3.10-slim@sha256:8769cc10045c67eac267537ff0950ce644eeebd9f0e88bec0604548a88f1f33d
#6 extracting sha256:004f0aa18a079de0973edc8a53f2397b4fe498cc595e21fb32ab01c89eb00a70
#6 extracting sha256:004f0aa18a079de0973edc8a53f2397b4fe498cc595e21fb32ab01c89eb00a70 0.8s done
#6 extracting sha256:7bceabe27cdff3949f8ad5eb4db394db5850a5fbc33e0371b4d621298ef7ccb1
#6 extracting sha256:7bceabe27cdff3949f8ad5eb4db394db5850a5fbc33e0371b4d621298ef7ccb1 0.0s done
#6 DONE 5.3s

#8 [2/6] WORKDIR /app
#8 DONE 0.3s

#9 [3/6] COPY requirements.txt ./
#9 DONE 0.0s

#10 [4/6] RUN pip install --no-cache-dir -r requirements.txt
#10 1.796 Collecting mysql-connector-python
#10 1.926   Downloading mysql_connector_python-9.5.0-cp310-cp310-manylinux_2_28_x86_64.whl (34.1 MB)
#10 4.701      ━━━━━━━━━━━━━━━━━━━━━━━━━━━━━━━━━━━━━━━━ 34.1/34.1 MB 12.8 MB/s eta 0:00:00
#10 4.850 Collecting kafka-python-ng
#10 4.875   Downloading kafka_python_ng-2.2.3-py2.py3-none-any.whl (232 kB)
#10 4.889      ━━━━━━━━━━━━━━━━━━━━━━━━━━━━━━━━━━━━━━ 232.8/232.8 kB 21.2 MB/s eta 0:00:00
#10 5.004 Collecting rich
#10 5.026   Downloading rich-14.2.0-py3-none-any.whl (243 kB)
#10 5.044      ━━━━━━━━━━━━━━━━━━━━━━━━━━━━━━━━━━━━━━ 243.4/243.4 kB 15.5 MB/s eta 0:00:00
#10 5.090 Collecting flask==3.0.0
#10 5.114   Downloading flask-3.0.0-py3-none-any.whl (99 kB)
#10 5.119      ━━━━━━━━━━━━━━━━━━━━━━━━━━━━━━━━━━━━━━━━ 99.7/99.7 kB 36.0 MB/s eta 0:00:00
#10 5.161 Collecting flask-cors==4.0.0
#10 5.192   Downloading Flask_Cors-4.0.0-py2.py3-none-any.whl (14 kB)
#10 5.250 Collecting requests
#10 5.274   Downloading requests-2.32.5-py3-none-any.whl (64 kB)
#10 5.279      ━━━━━━━━━━━━━━━━━━━━━━━━━━━━━━━━━━━━━━━━ 64.7/64.7 kB 31.1 MB/s eta 0:00:00
#10 5.786 Collecting cryptography
#10 5.826   Downloading cryptography-46.0.3-cp38-abi3-manylinux_2_34_x86_64.whl (4.5 MB)
#10 6.201      ━━━━━━━━━━━━━━━━━━━━━━━━━━━━━━━━━━━━━━━━ 4.5/4.5 MB 12.0 MB/s eta 0:00:00
#10 6.265 Collecting itsdangerous>=2.1.2
#10 6.286   Downloading itsdangerous-2.2.0-py3-none-any.whl (16 kB)
#10 6.326 Collecting Jinja2>=3.1.2
#10 6.348   Downloading jinja2-3.1.6-py3-none-any.whl (134 kB)
#10 6.354      ━━━━━━━━━━━━━━━━━━━━━━━━━━━━━━━━━━━━━━ 134.9/134.9 kB 36.0 MB/s eta 0:00:00
#10 6.410 Collecting Werkzeug>=3.0.0
#10 6.453   Downloading werkzeug-3.1.4-py3-none-any.whl (224 kB)
#10 6.478      ━━━━━━━━━━━━━━━━━━━━━━━━━━━━━━━━━━━━━━━ 225.0/225.0 kB 9.9 MB/s eta 0:00:00
#10 6.512 Collecting blinker>=1.6.2
#10 6.534   Downloading blinker-1.9.0-py3-none-any.whl (8.5 kB)
#10 6.579 Collecting click>=8.1.3
#10 6.599   Downloading click-8.3.1-py3-none-any.whl (108 kB)
#10 6.612      ━━━━━━━━━━━━━━━━━━━━━━━━━━━━━━━━━━━━━━ 108.3/108.3 kB 10.3 MB/s eta 0:00:00
#10 6.702 Collecting markdown-it-py>=2.2.0
#10 6.729   Downloading markdown_it_py-4.0.0-py3-none-any.whl (87 kB)
#10 6.736      ━━━━━━━━━━━━━━━━━━━━━━━━━━━━━━━━━━━━━━━━ 87.3/87.3 kB 18.9 MB/s eta 0:00:00
#10 6.809 Collecting pygments<3.0.0,>=2.13.0
#10 6.834   Downloading pygments-2.19.2-py3-none-any.whl (1.2 MB)
#10 6.921      ━━━━━━━━━━━━━━━━━━━━━━━━━━━━━━━━━━━━━━━━ 1.2/1.2 MB 14.4 MB/s eta 0:00:00
#10 7.126 Collecting charset_normalizer<4,>=2
#10 7.156   Downloading charset_normalizer-3.4.4-cp310-cp310-manylinux2014_x86_64.manylinux_2_17_x86_64.manylinux_2_28_x86_64.whl (153 kB)
#10 7.165      ━━━━━━━━━━━━━━━━━━━━━━━━━━━━━━━━━━━━━━ 153.6/153.6 kB 24.9 MB/s eta 0:00:00
#10 7.238 Collecting certifi>=2017.4.17
#10 7.259   Downloading certifi-2025.11.12-py3-none-any.whl (159 kB)
#10 7.268      ━━━━━━━━━━━━━━━━━━━━━━━━━━━━━━━━━━━━━━ 159.4/159.4 kB 21.8 MB/s eta 0:00:00
#10 7.346 Collecting urllib3<3,>=1.21.1
#10 7.371   Downloading urllib3-2.6.1-py3-none-any.whl (131 kB)
#10 7.390      ━━━━━━━━━━━━━━━━━━━━━━━━━━━━━━━━━━━━━━━ 131.1/131.1 kB 7.4 MB/s eta 0:00:00
#10 7.449 Collecting idna<4,>=2.5
#10 7.473   Downloading idna-3.11-py3-none-any.whl (71 kB)
#10 7.477      ━━━━━━━━━━━━━━━━━━━━━━━━━━━━━━━━━━━━━━━ 71.0/71.0 kB 119.4 MB/s eta 0:00:00
#10 7.754 Collecting cffi>=2.0.0
#10 7.778   Downloading cffi-2.0.0-cp310-cp310-manylinux2014_x86_64.manylinux_2_17_x86_64.whl (216 kB)
#10 7.791      ━━━━━━━━━━━━━━━━━━━━━━━━━━━━━━━━━━━━━━ 216.5/216.5 kB 21.7 MB/s eta 0:00:00
#10 7.870 Collecting typing-extensions>=4.13.2
#10 7.891   Downloading typing_extensions-4.15.0-py3-none-any.whl (44 kB)
#10 7.895      ━━━━━━━━━━━━━━━━━━━━━━━━━━━━━━━━━━━━━━━━ 44.6/44.6 kB 32.9 MB/s eta 0:00:00
#10 7.930 Collecting pycparser
#10 7.959   Downloading pycparser-2.23-py3-none-any.whl (118 kB)
#10 7.965      ━━━━━━━━━━━━━━━━━━━━━━━━━━━━━━━━━━━━━━ 118.1/118.1 kB 36.2 MB/s eta 0:00:00
#10 8.107 Collecting MarkupSafe>=2.0
#10 8.130   Downloading markupsafe-3.0.3-cp310-cp310-manylinux2014_x86_64.manylinux_2_17_x86_64.manylinux_2_28_x86_64.whl (20 kB)
#10 8.178 Collecting mdurl~=0.1
#10 8.199   Downloading mdurl-0.1.2-py3-none-any.whl (10.0 kB)
#10 8.374 Installing collected packages: urllib3, typing-extensions, pygments, pycparser, mysql-connector-python, mdurl, MarkupSafe, kafka-python-ng, itsdangerous, idna, click, charset_normalizer, certifi, blinker, Werkzeug, requests, markdown-it-py, Jinja2, cffi, rich, flask, cryptography, flask-cors
#10 11.06 Successfully installed Jinja2-3.1.6 MarkupSafe-3.0.3 Werkzeug-3.1.4 blinker-1.9.0 certifi-2025.11.12 cffi-2.0.0 charset_normalizer-3.4.4 click-8.3.1 cryptography-46.0.3 flask-3.0.0 flask-cors-4.0.0 idna-3.11 itsdangerous-2.2.0 kafka-python-ng-2.2.3 markdown-it-py-4.0.0 mdurl-0.1.2 mysql-connector-python-9.5.0 pycparser-2.23 pygments-2.19.2 requests-2.32.5 rich-14.2.0 typing-extensions-4.15.0 urllib3-2.6.1
#10 11.06 WARNING: Running pip as the 'root' user can result in broken permissions and conflicting behaviour with the system package manager. It is recommended to use a virtual environment instead: https://pip.pypa.io/warnings/venv
#10 11.20 
#10 11.20 [notice] A new release of pip is available: 23.0.1 -> 25.3
#10 11.20 [notice] To update, run: pip install --upgrade pip
#10 DONE 11.7s

#11 [5/6] COPY ev_cp_engine/ ev_cp_engine/
#11 DONE 0.1s

#12 [6/6] COPY ev_common/ ev_common/
#12 DONE 0.0s

#13 exporting to image
#13 exporting layers
#13 exporting layers 4.4s done
#13 exporting manifest sha256:8537e16ba12c1f64637516f0fc40a55f505a06c7a60dac85b644bc690eb7fe5a 0.0s done
#13 exporting config sha256:62f8d237c7817494410574bd96bae79108bec023857cea189d82d5d061555ed0 0.0s done
#13 exporting attestation manifest sha256:7e3f09398311f5f8b2027cd5539bf6c26bea3b85011167daa281c9944b6387a3 0.0s done
#13 exporting manifest list sha256:cdd41a33f7fcdd93ebdfc48a3ee059dcbbfdd2b06ec420982c330f044c47e954 0.0s done
#13 naming to docker.io/library/ev_engine:local done
#13 unpacking to docker.io/library/ev_engine:local
#13 unpacking to docker.io/library/ev_engine:local 1.5s done
#13 DONE 6.0s
[BUILD] ---- FIN OUTPUT DOCKER BUILD ENGINE ---- 
[BUILD] Resultado (errorlevel): 0 
[BUILD OK] ev_engine construido exitosamente 
[BUILD] Ejecutando: docker build -t ev_monitor:local -f ev_cp_monitor/Dockerfile . 
[BUILD] ---- INICIO OUTPUT DOCKER BUILD MONITOR ---- 
#0 building with "desktop-linux" instance using docker driver

#1 [internal] load build definition from Dockerfile
#1 transferring dockerfile: 615B 0.0s done
#1 DONE 0.0s

#2 resolve image config for docker-image://docker.io/docker/dockerfile:1
#2 DONE 0.3s

#3 docker-image://docker.io/docker/dockerfile:1@sha256:b6afd42430b15f2d2a4c5a02b919e98a525b785b1aaff16747d2f623364e39b6
#3 resolve docker.io/docker/dockerfile:1@sha256:b6afd42430b15f2d2a4c5a02b919e98a525b785b1aaff16747d2f623364e39b6 0.0s done
#3 CACHED

#4 [internal] load metadata for docker.io/library/python:3.10-slim
#4 DONE 0.2s

#5 [internal] load .dockerignore
#5 transferring context: 275B done
#5 DONE 0.0s

#6 [internal] load build context
#6 transferring context: 43.72kB 0.0s done
#6 DONE 0.0s

#7 [1/6] FROM docker.io/library/python:3.10-slim@sha256:8769cc10045c67eac267537ff0950ce644eeebd9f0e88bec0604548a88f1f33d
#7 resolve docker.io/library/python:3.10-slim@sha256:8769cc10045c67eac267537ff0950ce644eeebd9f0e88bec0604548a88f1f33d 0.0s done
#7 DONE 0.0s

#8 [2/6] WORKDIR /app
#8 CACHED

#9 [3/6] COPY requirements.txt ./
#9 CACHED

#10 [4/6] RUN pip install --no-cache-dir -r requirements.txt
#10 CACHED

#11 [5/6] COPY ev_cp_monitor/ ev_cp_monitor/
#11 DONE 0.0s

#12 [6/6] COPY ev_common/ ev_common/
#12 DONE 0.0s

#13 exporting to image
#13 exporting layers 0.1s done
#13 exporting manifest sha256:c80b543ceb7a1ba8eb226386e2f5752c925c8916c1460bd6ec81dba7feb00a31 0.0s done
#13 exporting config sha256:b930b23957dc9c0e0b4b225fd6dd92698e4e658e99e04fdc90f6bfbf05e3d829 0.0s done
#13 exporting attestation manifest sha256:d60c3b003776bee264dcae66f28a2c2b90aa6d1d0015a1dcf6720ce552bd29a1 0.0s done
#13 exporting manifest list sha256:80c609d8bfccd48e589e7f349aec3b584e25ff48d827c0ac96ef1409f649e1bc 0.0s done
#13 naming to docker.io/library/ev_monitor:local done
#13 unpacking to docker.io/library/ev_monitor:local 0.1s done
#13 DONE 0.3s
[BUILD] ---- FIN OUTPUT DOCKER BUILD MONITOR ---- 
[BUILD] Resultado (errorlevel): 0 
[BUILD OK] ev_monitor construido exitosamente 
[DEBUG] Ejecutando: docker ps -q --filter "label=component=engine" 
[DEBUG] CP_OFFSET detectado: 0 
[LOG] CPs existentes: 0 
[DEBUG] Antes de mostrar mensaje... 
[DEBUG] Mensaje mostrado 
[DEBUG] Iniciando timeout de 2 segundos... 
[DEBUG] Timeout completado, continuando... 
 
============================================================ 
[MAIN] INICIANDO LANZAMIENTO DE 2 CPs 
============================================================ 
[DEBUG] BASE_PORT=5000 
[DEBUG] KAFKA_SERVER=192.168.1.43:9092 
[DEBUG] CENTRAL_IP=192.168.1.43 
[DEBUG] CP_OFFSET=0 
[DEBUG] NUM_CPS=2 
 
[DEBUG] Antes de iniciar bucle FOR 
[DEBUG] Rango del bucle: 1 a 2 
 
[MAIN] ================================================ 
[MAIN] Iteracion 1 de 2 
[MAIN] CP_NUM calculado: 1 
[MAIN] ================================================ 
[DEBUG] A punto de llamar a LANZAR_CP con CP_NUM=1 
 
============================================================ 
[FUNCION] LANZAR_CP INICIADA 
============================================================ 
[DEBUG] LANZAR_CP llamado con CP_NUM=1 
[DEBUG] BASE_PORT=5000 
[DEBUG] KAFKA_SERVER=192.168.1.43:9092 
[DEBUG] CENTRAL_IP=192.168.1.43 
[DEBUG] CP_ID calculado: CP_001 
[DEBUG] ENGINE_PORT calculado: 5001 
 
[DEBUG] ---- COMANDO ENGINE ---- 
docker run --rm -p 5001:5001 -p 9001:9001 --name engine_CP_001 --label project=evcharging-pc-b --label component=engine --label cp_id=CP_001 -e ENGINE_PORT=5001 -e CP_ID=CP_001 -e KAFKA_SERVER=192.168.1.43:9092 -e WEB_PORT=9001 ev_engine:local 
 
[DEBUG] ---- COMANDO MONITOR ---- 
docker run --rm --network host --name monitor_CP_001 --label project=evcharging-pc-b --label component=monitor --label cp_id=CP_001 -e CP_ID=CP_001 -e CENTRAL_IP=192.168.1.43 -e CENTRAL_PORT=5000 -e ENGINE_IP=localhost -e ENGINE_PORT=5001 ev_monitor:local 
 
[DEBUG] ---- COMANDO POWERSHELL ENGINE ---- 
Write-Host 'Iniciando Engine (CP_001) en puerto 5001...' -ForegroundColor Cyan; Write-Host ''; docker run --rm -p 5001:5001 -p 9001:9001 --name engine_CP_001 --label project=evcharging-pc-b --label component=engine --label cp_id=CP_001 -e ENGINE_PORT=5001 -e CP_ID=CP_001 -e KAFKA_SERVER=192.168.1.43:9092 -e WEB_PORT=9001 ev_engine:local 
 
[DEBUG] ---- COMANDO POWERSHELL MONITOR ---- 
Write-Host 'Iniciando Monitor (CP_001)...' -ForegroundColor Cyan; Write-Host ''; docker run --rm --network host --name monitor_CP_001 --label project=evcharging-pc-b --label component=monitor --label cp_id=CP_001 -e CP_ID=CP_001 -e CENTRAL_IP=192.168.1.43 -e CENTRAL_PORT=5000 -e ENGINE_IP=localhost -e ENGINE_PORT=5001 ev_monitor:local 
 
[DEBUG] Ejecutando START PowerShell para Engine... 
[DEBUG] START ejecutado para Engine (errorlevel: 0) 
[DEBUG] Esperando 3 segundos... 
[DEBUG] Abriendo navegador en http://localhost:9001 
[DEBUG] Navegador abierto (errorlevel: 0) 
[DEBUG] Ejecutando START PowerShell para Monitor... 
[DEBUG] START ejecutado para Monitor (errorlevel: 0) 
[DEBUG] Lanzando Menu de Control para CP_001... 
 
============================================================ 
[FUNCION] LANZAR_MENU_CONTROL INICIADA 
============================================================ 
[DEBUG] LANZAR_MENU_CONTROL llamado con CP_ID=CP_001, WEB_PORT=9001 
[DEBUG] API_BASE_URL: http://127.0.0.1:9001/api 
[DEBUG] Script temporal creado: C:\Users\PANPAT~1\AppData\Local\Temp\menu_control_CP_001.bat 
[DEBUG] Menu de Control lanzado para CP_001 
============================================================ 
[DEBUG] Menu de Control lanzado 
[DEBUG] CP_001 completado 
============================================================ 
[DEBUG] Retorno de LANZAR_CP completado 
[MAIN] Esperando 2 segundos antes del siguiente CP... 
 
[MAIN] ================================================ 
[MAIN] Iteracion 2 de 2 
[MAIN] CP_NUM calculado: 2 
[MAIN] ================================================ 
[DEBUG] A punto de llamar a LANZAR_CP con CP_NUM=2 
 
============================================================ 
[FUNCION] LANZAR_CP INICIADA 
============================================================ 
[DEBUG] LANZAR_CP llamado con CP_NUM=2 
[DEBUG] BASE_PORT=5000 
[DEBUG] KAFKA_SERVER=192.168.1.43:9092 
[DEBUG] CENTRAL_IP=192.168.1.43 
[DEBUG] CP_ID calculado: CP_002 
[DEBUG] ENGINE_PORT calculado: 5002 
 
[DEBUG] ---- COMANDO ENGINE ---- 
docker run --rm -p 5002:5002 -p 9002:9002 --name engine_CP_002 --label project=evcharging-pc-b --label component=engine --label cp_id=CP_002 -e ENGINE_PORT=5002 -e CP_ID=CP_002 -e KAFKA_SERVER=192.168.1.43:9092 -e WEB_PORT=9002 ev_engine:local 
 
[DEBUG] ---- COMANDO MONITOR ---- 
docker run --rm --network host --name monitor_CP_002 --label project=evcharging-pc-b --label component=monitor --label cp_id=CP_002 -e CP_ID=CP_002 -e CENTRAL_IP=192.168.1.43 -e CENTRAL_PORT=5000 -e ENGINE_IP=localhost -e ENGINE_PORT=5002 ev_monitor:local 
 
[DEBUG] ---- COMANDO POWERSHELL ENGINE ---- 
Write-Host 'Iniciando Engine (CP_002) en puerto 5002...' -ForegroundColor Cyan; Write-Host ''; docker run --rm -p 5002:5002 -p 9002:9002 --name engine_CP_002 --label project=evcharging-pc-b --label component=engine --label cp_id=CP_002 -e ENGINE_PORT=5002 -e CP_ID=CP_002 -e KAFKA_SERVER=192.168.1.43:9092 -e WEB_PORT=9002 ev_engine:local 
 
[DEBUG] ---- COMANDO POWERSHELL MONITOR ---- 
Write-Host 'Iniciando Monitor (CP_002)...' -ForegroundColor Cyan; Write-Host ''; docker run --rm --network host --name monitor_CP_002 --label project=evcharging-pc-b --label component=monitor --label cp_id=CP_002 -e CP_ID=CP_002 -e CENTRAL_IP=192.168.1.43 -e CENTRAL_PORT=5000 -e ENGINE_IP=localhost -e ENGINE_PORT=5002 ev_monitor:local 
 
[DEBUG] Ejecutando START PowerShell para Engine... 
[DEBUG] START ejecutado para Engine (errorlevel: 0) 
[DEBUG] Esperando 3 segundos... 
[DEBUG] Abriendo navegador en http://localhost:9002 
[DEBUG] Navegador abierto (errorlevel: 0) 
[DEBUG] Ejecutando START PowerShell para Monitor... 
[DEBUG] START ejecutado para Monitor (errorlevel: 0) 
[DEBUG] Lanzando Menu de Control para CP_002... 
 
============================================================ 
[FUNCION] LANZAR_MENU_CONTROL INICIADA 
============================================================ 
[DEBUG] LANZAR_MENU_CONTROL llamado con CP_ID=CP_002, WEB_PORT=9002 
[DEBUG] API_BASE_URL: http://127.0.0.1:9002/api 
[DEBUG] Script temporal creado: C:\Users\PANPAT~1\AppData\Local\Temp\menu_control_CP_002.bat 
[DEBUG] Menu de Control lanzado para CP_002 
============================================================ 
[DEBUG] Menu de Control lanzado 
[DEBUG] CP_002 completado 
============================================================ 
[DEBUG] Retorno de LANZAR_CP completado 
[MAIN] Esperando 2 segundos antes del siguiente CP... 
[DEBUG] Bucle FOR completado 
