============================================================ 
 LOG DE EJECUCION - PC_B_RUN.bat 
 Fecha/Hora: 05/11/2025 19:54:52,51 
============================================================ 
 
Docker version 28.4.0, build d8eb465
 
============================================================ 
[MODO] MULTIPLES CPS SELECCIONADO 
============================================================ 
[INPUT] Usuario ingreso: NUM_CPS=2 
[VALIDADO] NUM_CPS final: 2 
[BUILD] Iniciando construccion de imagenes 
[BUILD] Fecha/Hora: 05/11/2025 19:54:57,12 
 
[BUILD] Ejecutando: docker build -t ev_engine:local -f ev_cp_engine/Dockerfile . 
[BUILD] ---- INICIO OUTPUT DOCKER BUILD ENGINE ---- 
#0 building with "desktop-linux" instance using docker driver

#1 [internal] load build definition from Dockerfile
#1 transferring dockerfile: 580B done
#1 DONE 0.0s

#2 resolve image config for docker-image://docker.io/docker/dockerfile:1
#2 DONE 1.0s

#3 docker-image://docker.io/docker/dockerfile:1@sha256:b6afd42430b15f2d2a4c5a02b919e98a525b785b1aaff16747d2f623364e39b6
#3 resolve docker.io/docker/dockerfile:1@sha256:b6afd42430b15f2d2a4c5a02b919e98a525b785b1aaff16747d2f623364e39b6 0.0s done
#3 CACHED

#4 [internal] load metadata for docker.io/library/python:3.10-slim
#4 DONE 0.6s

#5 [internal] load .dockerignore
#5 transferring context: 275B done
#5 DONE 0.0s

#6 [internal] load build context
#6 transferring context: 80.16kB 0.0s done
#6 DONE 0.0s

#7 [1/6] FROM docker.io/library/python:3.10-slim@sha256:2a8c7d9efdae9b636de80a187a4ce31374ffb3883a7be06232d25a96e8538bf4
#7 resolve docker.io/library/python:3.10-slim@sha256:2a8c7d9efdae9b636de80a187a4ce31374ffb3883a7be06232d25a96e8538bf4 0.0s done
#7 DONE 0.0s

#8 [2/6] WORKDIR /app
#8 CACHED

#9 [3/6] COPY requirements.txt ./
#9 CACHED

#10 [4/6] RUN pip install --no-cache-dir -r requirements.txt
#10 CACHED

#11 [5/6] COPY ev_cp_engine/ ev_cp_engine/
#11 CACHED

#12 [6/6] COPY ev_common/ ev_common/
#12 CACHED

#13 exporting to image
#13 exporting layers done
#13 exporting manifest sha256:57e5169e3c7ab2fe64a41b7a1100c40f50115b903402aa44b7c83d1cf8332cc6 0.0s done
#13 exporting config sha256:9528832745f8d45702dff84614a3fa0add0d9180e7075a305013641e9383fd72 done
#13 exporting attestation manifest sha256:26eaa52b39aa13102593f4f6c2003467fa38d9d56cec453eb67019a559e6dc72 0.0s done
#13 exporting manifest list sha256:f0d21d768e83246ab19a0fea344018086530cbd394bdcf82c321c947d7d20b17 0.0s done
#13 naming to docker.io/library/ev_engine:local done
#13 unpacking to docker.io/library/ev_engine:local 0.0s done
#13 DONE 0.1s
[BUILD] ---- FIN OUTPUT DOCKER BUILD ENGINE ---- 
[BUILD] Resultado (errorlevel): 0 
[BUILD OK] ev_engine construido exitosamente 
[BUILD] Ejecutando: docker build -t ev_monitor:local -f ev_cp_monitor/Dockerfile . 
[BUILD] ---- INICIO OUTPUT DOCKER BUILD MONITOR ---- 
#0 building with "desktop-linux" instance using docker driver

#1 [internal] load build definition from Dockerfile
#1 transferring dockerfile: 615B done
#1 DONE 0.0s

#2 resolve image config for docker-image://docker.io/docker/dockerfile:1
#2 DONE 0.2s

#3 docker-image://docker.io/docker/dockerfile:1@sha256:b6afd42430b15f2d2a4c5a02b919e98a525b785b1aaff16747d2f623364e39b6
#3 resolve docker.io/docker/dockerfile:1@sha256:b6afd42430b15f2d2a4c5a02b919e98a525b785b1aaff16747d2f623364e39b6 0.0s done
#3 CACHED

#4 [internal] load metadata for docker.io/library/python:3.10-slim
#4 DONE 0.2s

#5 [internal] load .dockerignore
#5 transferring context: 275B done
#5 DONE 0.0s

#6 [internal] load build context
#6 transferring context: 25.88kB done
#6 DONE 0.0s

#7 [1/6] FROM docker.io/library/python:3.10-slim@sha256:2a8c7d9efdae9b636de80a187a4ce31374ffb3883a7be06232d25a96e8538bf4
#7 resolve docker.io/library/python:3.10-slim@sha256:2a8c7d9efdae9b636de80a187a4ce31374ffb3883a7be06232d25a96e8538bf4 0.0s done
#7 DONE 0.0s

#8 [3/6] COPY requirements.txt ./
#8 CACHED

#9 [4/6] RUN pip install --no-cache-dir -r requirements.txt
#9 CACHED

#10 [5/6] COPY ev_cp_monitor/ ev_cp_monitor/
#10 CACHED

#11 [2/6] WORKDIR /app
#11 CACHED

#12 [6/6] COPY ev_common/ ev_common/
#12 CACHED

#13 exporting to image
#13 exporting layers done
#13 exporting manifest sha256:9dea9808c36c0a290683e65b25a00d4249c7a7f46c008df66512d368e2246adc done
#13 exporting config sha256:9ee4c4f5368c5b88f4ca11233c1e185579f39da5572049ee3067d985da0f8ece
#13 exporting config sha256:9ee4c4f5368c5b88f4ca11233c1e185579f39da5572049ee3067d985da0f8ece done
#13 exporting attestation manifest sha256:2770be06a5979f16959ab996d0a0947f36e8d977e215076f67fe4413f225c621 0.0s done
#13 exporting manifest list sha256:86cb9d5b8a3f7783a3daa96be5fabc4d0affa8eb49f2085daac3192ccdce2bb2 0.0s done
#13 naming to docker.io/library/ev_monitor:local done
#13 unpacking to docker.io/library/ev_monitor:local 0.0s done
#13 DONE 0.1s
[BUILD] ---- FIN OUTPUT DOCKER BUILD MONITOR ---- 
[BUILD] Resultado (errorlevel): 0 
[BUILD OK] ev_monitor construido exitosamente 
[DEBUG] Ejecutando: docker ps -q --filter "label=component=engine" 
[DEBUG] CP_OFFSET detectado: 2 
[LOG] CPs existentes: 2 
[DEBUG] Antes de mostrar mensaje... 
[DEBUG] Mensaje mostrado 
[DEBUG] Iniciando timeout de 2 segundos... 
[DEBUG] Timeout completado, continuando... 
 
============================================================ 
[MAIN] INICIANDO LANZAMIENTO DE 2 CPs 
============================================================ 
[DEBUG] BASE_PORT=5000 
[DEBUG] KAFKA_SERVER=192.168.1.43:9092 
[DEBUG] CENTRAL_IP=192.168.1.43 
[DEBUG] CP_OFFSET=2 
[DEBUG] NUM_CPS=2 
 
[DEBUG] Antes de iniciar bucle FOR 
[DEBUG] Rango del bucle: 1 a 2 
 
[MAIN] ================================================ 
[MAIN] Iteracion 1 de 2 
[MAIN] CP_NUM calculado: 3 
[MAIN] ================================================ 
[DEBUG] A punto de llamar a LANZAR_CP con CP_NUM=3 
 
============================================================ 
[FUNCION] LANZAR_CP INICIADA 
============================================================ 
[DEBUG] LANZAR_CP llamado con CP_NUM=3 
[DEBUG] BASE_PORT=5000 
[DEBUG] KAFKA_SERVER=192.168.1.43:9092 
[DEBUG] CENTRAL_IP=192.168.1.43 
[DEBUG] CP_ID calculado: CP_003 
[DEBUG] ENGINE_PORT calculado: 5003 
 
[DEBUG] ---- COMANDO ENGINE ---- 
docker run --rm -p 5003:5003 -p 9003:9003 --name engine_CP_003 --label project=evcharging-pc-b --label component=engine --label cp_id=CP_003 -e ENGINE_PORT=5003 -e CP_ID=CP_003 -e KAFKA_SERVER=192.168.1.43:9092 -e WEB_PORT=9003 ev_engine:local 
 
[DEBUG] ---- COMANDO MONITOR ---- 
docker run --rm --network host --name monitor_CP_003 --label project=evcharging-pc-b --label component=monitor --label cp_id=CP_003 -e CP_ID=CP_003 -e CENTRAL_IP=192.168.1.43 -e CENTRAL_PORT=5000 -e ENGINE_IP=localhost -e ENGINE_PORT=5003 ev_monitor:local 
 
[DEBUG] ---- COMANDO POWERSHELL ENGINE ---- 
Write-Host 'Iniciando Engine (CP_003) en puerto 5003...' -ForegroundColor Cyan; Write-Host ''; docker run --rm -p 5003:5003 -p 9003:9003 --name engine_CP_003 --label project=evcharging-pc-b --label component=engine --label cp_id=CP_003 -e ENGINE_PORT=5003 -e CP_ID=CP_003 -e KAFKA_SERVER=192.168.1.43:9092 -e WEB_PORT=9003 ev_engine:local 
 
[DEBUG] ---- COMANDO POWERSHELL MONITOR ---- 
Write-Host 'Iniciando Monitor (CP_003)...' -ForegroundColor Cyan; Write-Host ''; docker run --rm --network host --name monitor_CP_003 --label project=evcharging-pc-b --label component=monitor --label cp_id=CP_003 -e CP_ID=CP_003 -e CENTRAL_IP=192.168.1.43 -e CENTRAL_PORT=5000 -e ENGINE_IP=localhost -e ENGINE_PORT=5003 ev_monitor:local 
 
[DEBUG] Ejecutando START PowerShell para Engine... 
[DEBUG] START ejecutado para Engine (errorlevel: 0) 
[DEBUG] Esperando 3 segundos... 
[DEBUG] Abriendo navegador en http://localhost:9003 
[DEBUG] Navegador abierto (errorlevel: 0) 
[DEBUG] Ejecutando START PowerShell para Monitor... 
[DEBUG] START ejecutado para Monitor (errorlevel: 0) 
[DEBUG] CP_003 completado 
============================================================ 
[DEBUG] Retorno de LANZAR_CP completado 
[MAIN] Esperando 2 segundos antes del siguiente CP... 
 
[MAIN] ================================================ 
[MAIN] Iteracion 2 de 2 
[MAIN] CP_NUM calculado: 4 
[MAIN] ================================================ 
[DEBUG] A punto de llamar a LANZAR_CP con CP_NUM=4 
 
============================================================ 
[FUNCION] LANZAR_CP INICIADA 
============================================================ 
[DEBUG] LANZAR_CP llamado con CP_NUM=4 
[DEBUG] BASE_PORT=5000 
[DEBUG] KAFKA_SERVER=192.168.1.43:9092 
[DEBUG] CENTRAL_IP=192.168.1.43 
[DEBUG] CP_ID calculado: CP_004 
[DEBUG] ENGINE_PORT calculado: 5004 
 
[DEBUG] ---- COMANDO ENGINE ---- 
docker run --rm -p 5004:5004 -p 9004:9004 --name engine_CP_004 --label project=evcharging-pc-b --label component=engine --label cp_id=CP_004 -e ENGINE_PORT=5004 -e CP_ID=CP_004 -e KAFKA_SERVER=192.168.1.43:9092 -e WEB_PORT=9004 ev_engine:local 
 
[DEBUG] ---- COMANDO MONITOR ---- 
docker run --rm --network host --name monitor_CP_004 --label project=evcharging-pc-b --label component=monitor --label cp_id=CP_004 -e CP_ID=CP_004 -e CENTRAL_IP=192.168.1.43 -e CENTRAL_PORT=5000 -e ENGINE_IP=localhost -e ENGINE_PORT=5004 ev_monitor:local 
 
[DEBUG] ---- COMANDO POWERSHELL ENGINE ---- 
Write-Host 'Iniciando Engine (CP_004) en puerto 5004...' -ForegroundColor Cyan; Write-Host ''; docker run --rm -p 5004:5004 -p 9004:9004 --name engine_CP_004 --label project=evcharging-pc-b --label component=engine --label cp_id=CP_004 -e ENGINE_PORT=5004 -e CP_ID=CP_004 -e KAFKA_SERVER=192.168.1.43:9092 -e WEB_PORT=9004 ev_engine:local 
 
[DEBUG] ---- COMANDO POWERSHELL MONITOR ---- 
Write-Host 'Iniciando Monitor (CP_004)...' -ForegroundColor Cyan; Write-Host ''; docker run --rm --network host --name monitor_CP_004 --label project=evcharging-pc-b --label component=monitor --label cp_id=CP_004 -e CP_ID=CP_004 -e CENTRAL_IP=192.168.1.43 -e CENTRAL_PORT=5000 -e ENGINE_IP=localhost -e ENGINE_PORT=5004 ev_monitor:local 
 
[DEBUG] Ejecutando START PowerShell para Engine... 
[DEBUG] START ejecutado para Engine (errorlevel: 0) 
[DEBUG] Esperando 3 segundos... 
[DEBUG] Abriendo navegador en http://localhost:9004 
[DEBUG] Navegador abierto (errorlevel: 0) 
[DEBUG] Ejecutando START PowerShell para Monitor... 
[DEBUG] START ejecutado para Monitor (errorlevel: 0) 
[DEBUG] CP_004 completado 
============================================================ 
[DEBUG] Retorno de LANZAR_CP completado 
[MAIN] Esperando 2 segundos antes del siguiente CP... 
[DEBUG] Bucle FOR completado 
