============================================================ 
 LOG DE EJECUCION - PC_B_RUN.bat 
 Fecha/Hora: 09/12/2025 19:06:09,69 
============================================================ 
 
Docker version 28.4.0, build d8eb465
[DEBUG] Directorio actual: C:\Users\panpatuhambre\Desktop\curso 25-26\SD\prac1ConRomero\evcharging-sd-2526 
[DEBUG] Verificando existencia de OPENWEATHER_API_KEY.txt... 
[DEBUG] Ruta completa buscada: C:\Users\panpatuhambre\Desktop\curso 25-26\SD\prac1ConRomero\evcharging-sd-2526\OPENWEATHER_API_KEY.txt 
[DEBUG] Archivo OPENWEATHER_API_KEY.txt encontrado 
[DEBUG] Contenido leido del archivo: 54076819eadd372702b599c788eb370f 
[DEBUG] Longitud de la API Key: 
54076819eadd372702b599c788eb370f 
[DEBUG] Verificando que la API Key no este vacia... 
[DEBUG] Valor de OPENWEATHER_API_KEY: "54076819eadd372702b599c788eb370f" 
[DEBUG] Verificando que la API Key fue leida correctamente... 
[DEBUG] Valor de OPENWEATHER_API_KEY: "54076819eadd372702b599c788eb370f" 
[DEBUG] API Key validada: tiene contenido 
[DEBUG] Verificando Python... 
[DEBUG] Python encontrado 
[DEBUG] Verificando ev_weather\EV_W.py... 
[DEBUG] Archivo ev_weather\EV_W.py encontrado 
[DEBUG] Llegando a :launch_weather 
[DEBUG] API Key leida correctamente: 54076819ea... 
[DEBUG] Iniciando lanzamiento de EV_Weather... 
[DEBUG] Creando script temporal... 
[DEBUG] Ruta del script temporal: C:\Users\PANPAT~1\AppData\Local\Temp\ev_weather_launch_28296.bat 
[DEBUG] Variables temporales configuradas 
[DEBUG] Escribiendo contenido del script temporal... 
[DEBUG] Ruta completa: C:\Users\PANPAT~1\AppData\Local\Temp\ev_weather_launch_28296.bat 
[DEBUG] Directorio del proyecto: C:\Users\panpatuhambre\Desktop\curso 25-26\SD\prac1ConRomero\evcharging-sd-2526 
[DEBUG] Resultado de creacion del script: 0 
[DEBUG] Script temporal creado exitosamente 
[DEBUG] Script temporal: C:\Users\PANPAT~1\AppData\Local\Temp\ev_weather_launch_28296.bat 
[DEBUG] API Key: 54076819ea... 
[DEBUG] Central URL: http://192.168.1.43:5001/api 
[DEBUG] Comando START ejecutado exitosamente 
[DEBUG] EV_Weather lanzado, continuando al MENU... 
[DEBUG] Llegando al MENU 
 
============================================================ 
[MODO] MULTIPLES CPS SELECCIONADO 
============================================================ 
[INPUT] Usuario ingreso: NUM_CPS=1 
[VALIDADO] NUM_CPS final: 1 
[BUILD] Iniciando construccion de imagenes 
[BUILD] Fecha/Hora: 09/12/2025 19:06:21,15 
 
[BUILD] Ejecutando: docker build -t ev_engine:local -f ev_cp_engine/Dockerfile . 
[BUILD] ---- INICIO OUTPUT DOCKER BUILD ENGINE ---- 
#0 building with "desktop-linux" instance using docker driver

#1 [internal] load build definition from Dockerfile
#1 transferring dockerfile: 580B done
#1 DONE 0.0s

#2 resolve image config for docker-image://docker.io/docker/dockerfile:1
#2 DONE 0.9s

#3 docker-image://docker.io/docker/dockerfile:1@sha256:b6afd42430b15f2d2a4c5a02b919e98a525b785b1aaff16747d2f623364e39b6
#3 resolve docker.io/docker/dockerfile:1@sha256:b6afd42430b15f2d2a4c5a02b919e98a525b785b1aaff16747d2f623364e39b6 0.0s done
#3 CACHED

#4 [internal] load metadata for docker.io/library/python:3.10-slim
#4 DONE 0.6s

#5 [internal] load .dockerignore
#5 transferring context: 275B done
#5 DONE 0.0s

#6 [internal] load build context
#6 transferring context: 119.72kB 0.0s done
#6 DONE 0.0s

#7 [1/6] FROM docker.io/library/python:3.10-slim@sha256:8769cc10045c67eac267537ff0950ce644eeebd9f0e88bec0604548a88f1f33d
#7 resolve docker.io/library/python:3.10-slim@sha256:8769cc10045c67eac267537ff0950ce644eeebd9f0e88bec0604548a88f1f33d 0.0s done
#7 DONE 0.0s

#8 [2/6] WORKDIR /app
#8 CACHED

#9 [3/6] COPY requirements.txt ./
#9 CACHED

#10 [4/6] RUN pip install --no-cache-dir -r requirements.txt
#10 CACHED

#11 [5/6] COPY ev_cp_engine/ ev_cp_engine/
#11 CACHED

#12 [6/6] COPY ev_common/ ev_common/
#12 CACHED

#13 exporting to image
#13 exporting layers done
#13 exporting manifest sha256:8537e16ba12c1f64637516f0fc40a55f505a06c7a60dac85b644bc690eb7fe5a done
#13 exporting config sha256:62f8d237c7817494410574bd96bae79108bec023857cea189d82d5d061555ed0 done
#13 exporting attestation manifest sha256:65f14880b91e98167d2827ec7c1005861a2f0ec56a9410b5a6c7627be20b349d 0.0s done
#13 exporting manifest list sha256:6d0f7ff55dabc030984d2ae648701f3da922674b04bd8b01a28d508019afaaae 0.0s done
#13 naming to docker.io/library/ev_engine:local done
#13 unpacking to docker.io/library/ev_engine:local 0.0s done
#13 DONE 0.1s
[BUILD] ---- FIN OUTPUT DOCKER BUILD ENGINE ---- 
[BUILD] Resultado (errorlevel): 0 
[BUILD OK] ev_engine construido exitosamente 
[BUILD] Ejecutando: docker build -t ev_monitor:local -f ev_cp_monitor/Dockerfile . 
[BUILD] ---- INICIO OUTPUT DOCKER BUILD MONITOR ---- 
#0 building with "desktop-linux" instance using docker driver

#1 [internal] load build definition from Dockerfile
#1 transferring dockerfile: 615B done
#1 DONE 0.0s

#2 resolve image config for docker-image://docker.io/docker/dockerfile:1
#2 DONE 0.2s

#3 docker-image://docker.io/docker/dockerfile:1@sha256:b6afd42430b15f2d2a4c5a02b919e98a525b785b1aaff16747d2f623364e39b6
#3 resolve docker.io/docker/dockerfile:1@sha256:b6afd42430b15f2d2a4c5a02b919e98a525b785b1aaff16747d2f623364e39b6 0.0s done
#3 CACHED

#4 [internal] load metadata for docker.io/library/python:3.10-slim
#4 DONE 0.2s

#5 [internal] load .dockerignore
#5 transferring context: 275B done
#5 DONE 0.0s

#6 [internal] load build context
#6 transferring context: 43.76kB done
#6 DONE 0.0s

#7 [1/6] FROM docker.io/library/python:3.10-slim@sha256:8769cc10045c67eac267537ff0950ce644eeebd9f0e88bec0604548a88f1f33d
#7 resolve docker.io/library/python:3.10-slim@sha256:8769cc10045c67eac267537ff0950ce644eeebd9f0e88bec0604548a88f1f33d 0.0s done
#7 DONE 0.0s

#8 [5/6] COPY ev_cp_monitor/ ev_cp_monitor/
#8 CACHED

#9 [2/6] WORKDIR /app
#9 CACHED

#10 [3/6] COPY requirements.txt ./
#10 CACHED

#11 [4/6] RUN pip install --no-cache-dir -r requirements.txt
#11 CACHED

#12 [6/6] COPY ev_common/ ev_common/
#12 CACHED

#13 exporting to image
#13 exporting layers done
#13 exporting manifest sha256:d7dc1fd25603adcbc787e57ae2fe3fcbf9c7454b248e5920a0fbd5d2d46dd50d done
#13 exporting config sha256:e0a8dc9e31924f9e7f3db16517d1d1610b556fdde94d56db17cd15a5597dbd66 done
#13 exporting attestation manifest sha256:16ad935d5e4b651121b1a4e3c001f1f4850222bc53966fa0f55fd75f19d9acc4 0.0s done
#13 exporting manifest list sha256:21f6e46a1e7962f9042ec1a4f82f77115f2ab0ea415e5cc33fec79aa9ca92123 0.0s done
#13 naming to docker.io/library/ev_monitor:local done
#13 unpacking to docker.io/library/ev_monitor:local 0.0s done
#13 DONE 0.1s
[BUILD] ---- FIN OUTPUT DOCKER BUILD MONITOR ---- 
[BUILD] Resultado (errorlevel): 0 
[BUILD OK] ev_monitor construido exitosamente 
[DEBUG] Ejecutando: docker ps -q --filter "label=component=engine" 
[DEBUG] CP_OFFSET detectado: 1 
[LOG] CPs existentes: 1 
[DEBUG] Antes de mostrar mensaje... 
[DEBUG] Mensaje mostrado 
[DEBUG] Iniciando timeout de 2 segundos... 
[DEBUG] Timeout completado, continuando... 
 
============================================================ 
[MAIN] INICIANDO LANZAMIENTO DE 1 CPs 
============================================================ 
[DEBUG] BASE_PORT=5000 
[DEBUG] KAFKA_SERVER=192.168.1.43:9092 
[DEBUG] CENTRAL_IP=192.168.1.43 
[DEBUG] CP_OFFSET=1 
[DEBUG] NUM_CPS=1 
 
[DEBUG] Antes de iniciar bucle FOR 
[DEBUG] Rango del bucle: 1 a 1 
 
[MAIN] ================================================ 
[MAIN] Iteracion 1 de 1 
[MAIN] CP_NUM calculado: 2 
[MAIN] ================================================ 
[DEBUG] A punto de llamar a LANZAR_CP con CP_NUM=2 
 
============================================================ 
[FUNCION] LANZAR_CP INICIADA 
============================================================ 
[DEBUG] LANZAR_CP llamado con CP_NUM=2 
[DEBUG] BASE_PORT=5000 
[DEBUG] KAFKA_SERVER=192.168.1.43:9092 
[DEBUG] CENTRAL_IP=192.168.1.43 
[DEBUG] CP_ID calculado: CP_002 
[DEBUG] ENGINE_PORT calculado: 5002 
 
[DEBUG] ---- COMANDO ENGINE ---- 
docker run --rm -p 5002:5002 -p 9002:9002 --name engine_CP_002 --label project=evcharging-pc-b --label component=engine --label cp_id=CP_002 -e ENGINE_PORT=5002 -e CP_ID=CP_002 -e KAFKA_SERVER=192.168.1.43:9092 -e WEB_PORT=9002 ev_engine:local 
 
[DEBUG] ---- COMANDO MONITOR ---- 
docker run --rm --network host --name monitor_CP_002 --label project=evcharging-pc-b --label component=monitor --label cp_id=CP_002 -e CP_ID=CP_002 -e CENTRAL_IP=192.168.1.43 -e CENTRAL_PORT=5000 -e ENGINE_IP=localhost -e ENGINE_PORT=5002 ev_monitor:local 
 
[DEBUG] ---- COMANDO POWERSHELL ENGINE ---- 
Write-Host 'Iniciando Engine (CP_002) en puerto 5002...' -ForegroundColor Cyan; Write-Host ''; docker run --rm -p 5002:5002 -p 9002:9002 --name engine_CP_002 --label project=evcharging-pc-b --label component=engine --label cp_id=CP_002 -e ENGINE_PORT=5002 -e CP_ID=CP_002 -e KAFKA_SERVER=192.168.1.43:9092 -e WEB_PORT=9002 ev_engine:local 
 
[DEBUG] ---- COMANDO POWERSHELL MONITOR ---- 
Write-Host 'Iniciando Monitor (CP_002)...' -ForegroundColor Cyan; Write-Host ''; docker run --rm --network host --name monitor_CP_002 --label project=evcharging-pc-b --label component=monitor --label cp_id=CP_002 -e CP_ID=CP_002 -e CENTRAL_IP=192.168.1.43 -e CENTRAL_PORT=5000 -e ENGINE_IP=localhost -e ENGINE_PORT=5002 ev_monitor:local 
 
[DEBUG] Ejecutando START PowerShell para Engine... 
[DEBUG] START ejecutado para Engine (errorlevel: 0) 
[DEBUG] Esperando 3 segundos... 
[DEBUG] Abriendo navegador en http://localhost:9002 
[DEBUG] Navegador abierto (errorlevel: 0) 
[DEBUG] Ejecutando START PowerShell para Monitor... 
[DEBUG] START ejecutado para Monitor (errorlevel: 0) 
[DEBUG] Lanzando Menu de Control para CP_002... 
 
============================================================ 
[FUNCION] LANZAR_MENU_CONTROL INICIADA 
============================================================ 
[DEBUG] LANZAR_MENU_CONTROL llamado con CP_ID=CP_002, WEB_PORT=9002 
[DEBUG] API_BASE_URL: http://127.0.0.1:9002/api 
[DEBUG] Script temporal creado: C:\Users\PANPAT~1\AppData\Local\Temp\menu_control_CP_002.bat 
[DEBUG] Menu de Control lanzado para CP_002 
============================================================ 
[DEBUG] Menu de Control lanzado 
[DEBUG] CP_002 completado 
============================================================ 
[DEBUG] Retorno de LANZAR_CP completado 
[MAIN] Esperando 2 segundos antes del siguiente CP... 
[DEBUG] Bucle FOR completado 
