============================================================ 
 LOG DE EJECUCION - PC_B_RUN.bat 
 Fecha/Hora: 05/11/2025 18:20:05,50 
============================================================ 
 
Docker version 28.4.0, build d8eb465
 
============================================================ 
[MODO] MULTIPLES CPS SELECCIONADO 
============================================================ 
[INPUT] Usuario ingreso: NUM_CPS=2 
[VALIDADO] NUM_CPS final: 2 
[BUILD] Iniciando construccion de imagenes 
[BUILD] Fecha/Hora: 05/11/2025 18:20:09,13 
 
[BUILD] Ejecutando: docker build -t ev_engine:local -f ev_cp_engine/Dockerfile . 
[BUILD] ---- INICIO OUTPUT DOCKER BUILD ENGINE ---- 
#0 building with "desktop-linux" instance using docker driver

#1 [internal] load build definition from Dockerfile
#1 transferring dockerfile: 580B done
#1 DONE 0.0s

#2 resolve image config for docker-image://docker.io/docker/dockerfile:1
#2 DONE 0.9s

#3 docker-image://docker.io/docker/dockerfile:1@sha256:b6afd42430b15f2d2a4c5a02b919e98a525b785b1aaff16747d2f623364e39b6
#3 resolve docker.io/docker/dockerfile:1@sha256:b6afd42430b15f2d2a4c5a02b919e98a525b785b1aaff16747d2f623364e39b6 0.0s done
#3 CACHED

#4 [internal] load metadata for docker.io/library/python:3.10-slim
#4 DONE 0.6s

#5 [internal] load .dockerignore
#5 transferring context: 275B done
#5 DONE 0.0s

#6 [internal] load build context
#6 transferring context: 77.82kB 0.0s done
#6 DONE 0.0s

#7 [1/6] FROM docker.io/library/python:3.10-slim@sha256:2a8c7d9efdae9b636de80a187a4ce31374ffb3883a7be06232d25a96e8538bf4
#7 resolve docker.io/library/python:3.10-slim@sha256:2a8c7d9efdae9b636de80a187a4ce31374ffb3883a7be06232d25a96e8538bf4 0.0s done
#7 DONE 0.0s

#8 [2/6] WORKDIR /app
#8 CACHED

#9 [3/6] COPY requirements.txt ./
#9 CACHED

#10 [4/6] RUN pip install --no-cache-dir -r requirements.txt
#10 CACHED

#11 [5/6] COPY ev_cp_engine/ ev_cp_engine/
#11 CACHED

#12 [6/6] COPY ev_common/ ev_common/
#12 CACHED

#13 exporting to image
#13 exporting layers done
#13 exporting manifest sha256:ef47330053ea4858fe2936db33c612438be2822493995c1457d6beab0284861a done
#13 exporting config sha256:3c713dc4cc4a90a0968df99110e9186b72689f24067d60bfbeea1cecbfc81f9a done
#13 exporting attestation manifest sha256:77f3ab59b627a7ebf631c243bbafdd8497f24fe6cdacc77333935b0501f4a196 0.0s done
#13 exporting manifest list sha256:a6da99f02f376f1765508a41b3337e02a6970ce6661e925711f3db721caf8880 0.0s done
#13 naming to docker.io/library/ev_engine:local done
#13 unpacking to docker.io/library/ev_engine:local 0.0s done
#13 DONE 0.1s
[BUILD] ---- FIN OUTPUT DOCKER BUILD ENGINE ---- 
[BUILD] Resultado (errorlevel): 0 
[BUILD OK] ev_engine construido exitosamente 
[BUILD] Ejecutando: docker build -t ev_monitor:local -f ev_cp_monitor/Dockerfile . 
[BUILD] ---- INICIO OUTPUT DOCKER BUILD MONITOR ---- 
#0 building with "desktop-linux" instance using docker driver

#1 [internal] load build definition from Dockerfile
#1 transferring dockerfile: 615B done
#1 DONE 0.0s

#2 resolve image config for docker-image://docker.io/docker/dockerfile:1
#2 DONE 0.2s

#3 docker-image://docker.io/docker/dockerfile:1@sha256:b6afd42430b15f2d2a4c5a02b919e98a525b785b1aaff16747d2f623364e39b6
#3 resolve docker.io/docker/dockerfile:1@sha256:b6afd42430b15f2d2a4c5a02b919e98a525b785b1aaff16747d2f623364e39b6 0.0s done
#3 CACHED

#4 [internal] load metadata for docker.io/library/python:3.10-slim
#4 DONE 0.2s

#5 [internal] load .dockerignore
#5 transferring context: 275B done
#5 DONE 0.0s

#6 [internal] load build context
#6 transferring context: 23.61kB 0.0s done
#6 DONE 0.0s

#7 [1/6] FROM docker.io/library/python:3.10-slim@sha256:2a8c7d9efdae9b636de80a187a4ce31374ffb3883a7be06232d25a96e8538bf4
#7 resolve docker.io/library/python:3.10-slim@sha256:2a8c7d9efdae9b636de80a187a4ce31374ffb3883a7be06232d25a96e8538bf4 0.0s done
#7 DONE 0.0s

#8 [2/6] WORKDIR /app
#8 CACHED

#9 [3/6] COPY requirements.txt ./
#9 CACHED

#10 [4/6] RUN pip install --no-cache-dir -r requirements.txt
#10 CACHED

#11 [5/6] COPY ev_cp_monitor/ ev_cp_monitor/
#11 CACHED

#12 [6/6] COPY ev_common/ ev_common/
#12 CACHED

#13 exporting to image
#13 exporting layers done
#13 exporting manifest sha256:54eb5305507b76353a1b4928fbfc4a5e490413354665fbe197e69c2b9bfe34fc
#13 exporting manifest sha256:54eb5305507b76353a1b4928fbfc4a5e490413354665fbe197e69c2b9bfe34fc done
#13 exporting config sha256:432bb94122d174f1869c349a2be618a4b2dce07a012e89d8b68a9c16a1c38056 done
#13 exporting attestation manifest sha256:b64ba67d4683d16a2a8bc78a7d913529ee20f85d9796c4cd55d23adec719871a 0.0s done
#13 exporting manifest list sha256:088865ca94702cabe211468071ef3cc20fd71844490b682fd821f5ca04d5c22e 0.0s done
#13 naming to docker.io/library/ev_monitor:local done
#13 unpacking to docker.io/library/ev_monitor:local 0.0s done
#13 DONE 0.1s
[BUILD] ---- FIN OUTPUT DOCKER BUILD MONITOR ---- 
[BUILD] Resultado (errorlevel): 0 
[BUILD OK] ev_monitor construido exitosamente 
[DEBUG] Ejecutando: docker ps -q --filter "label=component=engine" 
[DEBUG] CP_OFFSET detectado: 0 
[LOG] CPs existentes: 0 
[DEBUG] Antes de mostrar mensaje... 
[DEBUG] Mensaje mostrado 
[DEBUG] Iniciando timeout de 2 segundos... 
[DEBUG] Timeout completado, continuando... 
 
============================================================ 
[MAIN] INICIANDO LANZAMIENTO DE 2 CPs 
============================================================ 
[DEBUG] BASE_PORT=5000 
[DEBUG] KAFKA_SERVER=192.168.1.43:9092 
[DEBUG] CENTRAL_IP=192.168.1.43 
[DEBUG] CP_OFFSET=0 
[DEBUG] NUM_CPS=2 
 
[DEBUG] Antes de iniciar bucle FOR 
[DEBUG] Rango del bucle: 1 a 2 
 
[MAIN] ================================================ 
[MAIN] Iteracion 1 de 2 
[MAIN] CP_NUM calculado: 1 
[MAIN] ================================================ 
[DEBUG] A punto de llamar a LANZAR_CP con CP_NUM=1 
 
============================================================ 
[FUNCION] LANZAR_CP INICIADA 
============================================================ 
[DEBUG] LANZAR_CP llamado con CP_NUM=1 
[DEBUG] BASE_PORT=5000 
[DEBUG] KAFKA_SERVER=192.168.1.43:9092 
[DEBUG] CENTRAL_IP=192.168.1.43 
[DEBUG] CP_ID calculado: CP_001 
[DEBUG] ENGINE_PORT calculado: 5001 
 
[DEBUG] ---- COMANDO ENGINE ---- 
docker run --rm -p 5001:5001 -p 9001:9001 --name engine_CP_001 --label project=evcharging-pc-b --label component=engine --label cp_id=CP_001 -e ENGINE_PORT=5001 -e CP_ID=CP_001 -e KAFKA_SERVER=192.168.1.43:9092 -e WEB_PORT=9001 ev_engine:local 
 
[DEBUG] ---- COMANDO MONITOR ---- 
docker run --rm --network host --name monitor_CP_001 --label project=evcharging-pc-b --label component=monitor --label cp_id=CP_001 -e CP_ID=CP_001 -e CENTRAL_IP=192.168.1.43 -e CENTRAL_PORT=5000 -e ENGINE_IP=localhost -e ENGINE_PORT=5001 ev_monitor:local 
 
[DEBUG] ---- COMANDO POWERSHELL ENGINE ---- 
Write-Host 'Iniciando Engine (CP_001) en puerto 5001...' -ForegroundColor Cyan; Write-Host ''; docker run --rm -p 5001:5001 -p 9001:9001 --name engine_CP_001 --label project=evcharging-pc-b --label component=engine --label cp_id=CP_001 -e ENGINE_PORT=5001 -e CP_ID=CP_001 -e KAFKA_SERVER=192.168.1.43:9092 -e WEB_PORT=9001 ev_engine:local 
 
[DEBUG] ---- COMANDO POWERSHELL MONITOR ---- 
Write-Host 'Iniciando Monitor (CP_001)...' -ForegroundColor Cyan; Write-Host ''; docker run --rm --network host --name monitor_CP_001 --label project=evcharging-pc-b --label component=monitor --label cp_id=CP_001 -e CP_ID=CP_001 -e CENTRAL_IP=192.168.1.43 -e CENTRAL_PORT=5000 -e ENGINE_IP=localhost -e ENGINE_PORT=5001 ev_monitor:local 
 
[DEBUG] Ejecutando START PowerShell para Engine... 
[DEBUG] START ejecutado para Engine (errorlevel: 0) 
[DEBUG] Esperando 3 segundos... 
[DEBUG] Abriendo navegador en http://localhost:9001 
[DEBUG] Navegador abierto (errorlevel: 0) 
[DEBUG] Ejecutando START PowerShell para Monitor... 
[DEBUG] START ejecutado para Monitor (errorlevel: 0) 
[DEBUG] CP_001 completado 
============================================================ 
[DEBUG] Retorno de LANZAR_CP completado 
[MAIN] Esperando 2 segundos antes del siguiente CP... 
 
[MAIN] ================================================ 
[MAIN] Iteracion 2 de 2 
[MAIN] CP_NUM calculado: 2 
[MAIN] ================================================ 
[DEBUG] A punto de llamar a LANZAR_CP con CP_NUM=2 
 
============================================================ 
[FUNCION] LANZAR_CP INICIADA 
============================================================ 
[DEBUG] LANZAR_CP llamado con CP_NUM=2 
[DEBUG] BASE_PORT=5000 
[DEBUG] KAFKA_SERVER=192.168.1.43:9092 
[DEBUG] CENTRAL_IP=192.168.1.43 
[DEBUG] CP_ID calculado: CP_002 
[DEBUG] ENGINE_PORT calculado: 5002 
 
[DEBUG] ---- COMANDO ENGINE ---- 
docker run --rm -p 5002:5002 -p 9002:9002 --name engine_CP_002 --label project=evcharging-pc-b --label component=engine --label cp_id=CP_002 -e ENGINE_PORT=5002 -e CP_ID=CP_002 -e KAFKA_SERVER=192.168.1.43:9092 -e WEB_PORT=9002 ev_engine:local 
 
[DEBUG] ---- COMANDO MONITOR ---- 
docker run --rm --network host --name monitor_CP_002 --label project=evcharging-pc-b --label component=monitor --label cp_id=CP_002 -e CP_ID=CP_002 -e CENTRAL_IP=192.168.1.43 -e CENTRAL_PORT=5000 -e ENGINE_IP=localhost -e ENGINE_PORT=5002 ev_monitor:local 
 
[DEBUG] ---- COMANDO POWERSHELL ENGINE ---- 
Write-Host 'Iniciando Engine (CP_002) en puerto 5002...' -ForegroundColor Cyan; Write-Host ''; docker run --rm -p 5002:5002 -p 9002:9002 --name engine_CP_002 --label project=evcharging-pc-b --label component=engine --label cp_id=CP_002 -e ENGINE_PORT=5002 -e CP_ID=CP_002 -e KAFKA_SERVER=192.168.1.43:9092 -e WEB_PORT=9002 ev_engine:local 
 
[DEBUG] ---- COMANDO POWERSHELL MONITOR ---- 
Write-Host 'Iniciando Monitor (CP_002)...' -ForegroundColor Cyan; Write-Host ''; docker run --rm --network host --name monitor_CP_002 --label project=evcharging-pc-b --label component=monitor --label cp_id=CP_002 -e CP_ID=CP_002 -e CENTRAL_IP=192.168.1.43 -e CENTRAL_PORT=5000 -e ENGINE_IP=localhost -e ENGINE_PORT=5002 ev_monitor:local 
 
[DEBUG] Ejecutando START PowerShell para Engine... 
[DEBUG] START ejecutado para Engine (errorlevel: 0) 
[DEBUG] Esperando 3 segundos... 
[DEBUG] Abriendo navegador en http://localhost:9002 
[DEBUG] Navegador abierto (errorlevel: 0) 
[DEBUG] Ejecutando START PowerShell para Monitor... 
[DEBUG] START ejecutado para Monitor (errorlevel: 0) 
[DEBUG] CP_002 completado 
============================================================ 
[DEBUG] Retorno de LANZAR_CP completado 
[MAIN] Esperando 2 segundos antes del siguiente CP... 
[DEBUG] Bucle FOR completado 
