============================================================ 
 LOG DE EJECUCION - PC_B_RUN.bat 
 Fecha/Hora: 05/11/2025 11:32:35,18 
============================================================ 
 
Docker version 28.4.0, build d8eb465
 
============================================================ 
[MODO] MULTIPLES CPS SELECCIONADO 
============================================================ 
[INPUT] Usuario ingreso: NUM_CPS=3 
[VALIDADO] NUM_CPS final: 3 
[BUILD] Iniciando construccion de imagenes 
[BUILD] Fecha/Hora: 05/11/2025 11:32:40,14 
 
[BUILD] Ejecutando: docker build -t ev_engine:local -f ev_cp_engine/Dockerfile . 
[BUILD] ---- INICIO OUTPUT DOCKER BUILD ENGINE ---- 
#0 building with "desktop-linux" instance using docker driver

#1 [internal] load build definition from Dockerfile
#1 transferring dockerfile: 516B done
#1 DONE 0.0s

#2 resolve image config for docker-image://docker.io/docker/dockerfile:1
#2 DONE 1.0s

#3 docker-image://docker.io/docker/dockerfile:1@sha256:b6afd42430b15f2d2a4c5a02b919e98a525b785b1aaff16747d2f623364e39b6
#3 resolve docker.io/docker/dockerfile:1@sha256:b6afd42430b15f2d2a4c5a02b919e98a525b785b1aaff16747d2f623364e39b6 0.0s done
#3 CACHED

#4 [internal] load metadata for docker.io/library/python:3.10-slim
#4 DONE 0.6s

#5 [internal] load .dockerignore
#5 transferring context: 275B done
#5 DONE 0.0s

#6 [internal] load build context
#6 transferring context: 24.72kB 0.0s done
#6 DONE 0.0s

#7 [1/6] FROM docker.io/library/python:3.10-slim@sha256:2a8c7d9efdae9b636de80a187a4ce31374ffb3883a7be06232d25a96e8538bf4
#7 resolve docker.io/library/python:3.10-slim@sha256:2a8c7d9efdae9b636de80a187a4ce31374ffb3883a7be06232d25a96e8538bf4 0.0s done
#7 DONE 0.0s

#8 [2/6] WORKDIR /app
#8 CACHED

#9 [4/6] RUN pip install --no-cache-dir -r requirements.txt
#9 CACHED

#10 [3/6] COPY requirements.txt ./
#10 CACHED

#11 [5/6] COPY ev_cp_engine/ ev_cp_engine/
#11 CACHED

#12 [6/6] COPY ev_common/ ev_common/
#12 CACHED

#13 exporting to image
#13 exporting layers done
#13 exporting manifest sha256:79aab8a8b3d677c788f0d1e0a60e8ee04c982536d108157af0b94d55ca332b5b done
#13 exporting config sha256:9939eb538683770f0a1224409d9405dc15ec5363d4949c8229df1520476f53c9 done
#13 exporting attestation manifest sha256:1f489e809e0c152cab3888b6be9ce74456acef1a1c262b416bf4fc537a6ce7cc
#13 exporting attestation manifest sha256:1f489e809e0c152cab3888b6be9ce74456acef1a1c262b416bf4fc537a6ce7cc 0.0s done
#13 exporting manifest list sha256:2841e6b705de74c70d2a1d4ae76060122ca81bf25104525dcf6cde1888077fcd 0.0s done
#13 naming to docker.io/library/ev_engine:local done
#13 unpacking to docker.io/library/ev_engine:local 0.0s done
#13 DONE 0.1s
[BUILD] ---- FIN OUTPUT DOCKER BUILD ENGINE ---- 
[BUILD] Resultado (errorlevel): 0 
[BUILD OK] ev_engine construido exitosamente 
[BUILD] Ejecutando: docker build -t ev_monitor:local -f ev_cp_monitor/Dockerfile . 
[BUILD] ---- INICIO OUTPUT DOCKER BUILD MONITOR ---- 
#0 building with "desktop-linux" instance using docker driver

#1 [internal] load build definition from Dockerfile
#1 transferring dockerfile: 615B done
#1 DONE 0.0s

#2 resolve image config for docker-image://docker.io/docker/dockerfile:1
#2 DONE 0.3s

#3 docker-image://docker.io/docker/dockerfile:1@sha256:b6afd42430b15f2d2a4c5a02b919e98a525b785b1aaff16747d2f623364e39b6
#3 resolve docker.io/docker/dockerfile:1@sha256:b6afd42430b15f2d2a4c5a02b919e98a525b785b1aaff16747d2f623364e39b6 0.0s done
#3 CACHED

#4 [internal] load metadata for docker.io/library/python:3.10-slim
#4 DONE 0.2s

#5 [internal] load .dockerignore
#5 transferring context: 275B done
#5 DONE 0.0s

#6 [internal] load build context
#6 transferring context: 22.56kB done
#6 DONE 0.0s

#7 [1/6] FROM docker.io/library/python:3.10-slim@sha256:2a8c7d9efdae9b636de80a187a4ce31374ffb3883a7be06232d25a96e8538bf4
#7 resolve docker.io/library/python:3.10-slim@sha256:2a8c7d9efdae9b636de80a187a4ce31374ffb3883a7be06232d25a96e8538bf4 0.0s done
#7 DONE 0.0s

#8 [2/6] WORKDIR /app
#8 CACHED

#9 [3/6] COPY requirements.txt ./
#9 CACHED

#10 [4/6] RUN pip install --no-cache-dir -r requirements.txt
#10 CACHED

#11 [5/6] COPY ev_cp_monitor/ ev_cp_monitor/
#11 CACHED

#12 [6/6] COPY ev_common/ ev_common/
#12 CACHED

#13 exporting to image
#13 exporting layers done
#13 exporting manifest sha256:42ddd74696273b782284a9ee7cda255be8ad7d30d0b97e91d3620e7d5527f453 done
#13 exporting config sha256:2e96fc3a35fbc76d72ec5006881cbebc8627d2c937fe60bb16a71fd472892012 done
#13 exporting attestation manifest sha256:94bcdea10357b194003aa02727dac766841c06d280da6da0d0484f887df1e79b 0.0s done
#13 exporting manifest list sha256:824814b7db52effe6f96a6446a01aa175c0e35433bda5b90ea0db985e10f1600 0.0s done
#13 naming to docker.io/library/ev_monitor:local done
#13 unpacking to docker.io/library/ev_monitor:local 0.0s done
#13 DONE 0.1s
[BUILD] ---- FIN OUTPUT DOCKER BUILD MONITOR ---- 
[BUILD] Resultado (errorlevel): 0 
[BUILD OK] ev_monitor construido exitosamente 
[DEBUG] Ejecutando: docker ps -q --filter "label=component=engine" 
[DEBUG] CP_OFFSET detectado: 0 
[LOG] CPs existentes: 0 
[DEBUG] Antes de mostrar mensaje... 
[DEBUG] Mensaje mostrado 
[DEBUG] Iniciando timeout de 2 segundos... 
[DEBUG] Timeout completado, continuando... 
 
============================================================ 
[MAIN] INICIANDO LANZAMIENTO DE 3 CPs 
============================================================ 
[DEBUG] BASE_PORT=5000 
[DEBUG] KAFKA_SERVER=192.168.1.43:9092 
[DEBUG] CENTRAL_IP=192.168.1.43 
[DEBUG] CP_OFFSET=0 
[DEBUG] NUM_CPS=3 
 
[DEBUG] Antes de iniciar bucle FOR 
[DEBUG] Rango del bucle: 1 a 3 
[DEBUG] Entrando al bucle FOR, iteracion 1 
 
[MAIN] ================================================ 
[MAIN] Iteracion 1 de 3 
[MAIN] CP_NUM calculado: 1 
[MAIN] ================================================ 
[DEBUG] Entrando al bucle FOR, iteracion 2 
 
[MAIN] ================================================ 
[MAIN] Iteracion 2 de 3 
[MAIN] CP_NUM calculado: 2 
[MAIN] ================================================ 
[DEBUG] Entrando al bucle FOR, iteracion 3 
 
[MAIN] ================================================ 
[MAIN] Iteracion 3 de 3 
[MAIN] CP_NUM calculado: 3 
[MAIN] ================================================ 
[DEBUG] A punto de llamar a LANZAR_CP con CP_NUM=3 
 
============================================================ 
[FUNCION] LANZAR_CP INICIADA 
============================================================ 
[DEBUG] LANZAR_CP llamado con CP_NUM=3 
[DEBUG] BASE_PORT=5000 
[DEBUG] KAFKA_SERVER=192.168.1.43:9092 
[DEBUG] CENTRAL_IP=192.168.1.43 
[DEBUG] CP_ID calculado: CP_003 
[DEBUG] ENGINE_PORT calculado: 5003 
 
[DEBUG] ---- COMANDO ENGINE ---- 
docker run --rm --network host --name engine_CP_003 --label project=evcharging-pc-b --label component=engine --label cp_id=CP_003 -e ENGINE_PORT=5003 -e CP_ID=CP_003 -e KAFKA_SERVER=192.168.1.43:9092 ev_engine:local 
 
[DEBUG] ---- COMANDO MONITOR ---- 
docker run --rm --name monitor_CP_003 --label project=evcharging-pc-b --label component=monitor --label cp_id=CP_003 -e CP_ID=CP_003 -e CENTRAL_IP=192.168.1.43 -e CENTRAL_PORT=5000 -e ENGINE_IP=host.docker.internal -e ENGINE_PORT=5003 ev_monitor:local 
 
[DEBUG] ---- COMANDO POWERSHELL ENGINE ---- 
Write-Host 'Iniciando Engine (CP_003) en puerto 5003...' -ForegroundColor Cyan; Write-Host ''; docker run --rm --network host --name engine_CP_003 --label project=evcharging-pc-b --label component=engine --label cp_id=CP_003 -e ENGINE_PORT=5003 -e CP_ID=CP_003 -e KAFKA_SERVER=192.168.1.43:9092 ev_engine:local 
 
[DEBUG] ---- COMANDO POWERSHELL MONITOR ---- 
Write-Host 'Iniciando Monitor (CP_003)...' -ForegroundColor Cyan; Write-Host ''; docker run --rm --name monitor_CP_003 --label project=evcharging-pc-b --label component=monitor --label cp_id=CP_003 -e CP_ID=CP_003 -e CENTRAL_IP=192.168.1.43 -e CENTRAL_PORT=5000 -e ENGINE_IP=host.docker.internal -e ENGINE_PORT=5003 ev_monitor:local 
 
[DEBUG] Ejecutando START PowerShell para Engine... 
[DEBUG] START ejecutado para Engine (errorlevel: 0) 
[DEBUG] Ejecutando START PowerShell para Monitor... 
[DEBUG] START ejecutado para Monitor (errorlevel: 0) 
 
[DEBUG] CP_003 completado 
============================================================ 
[DEBUG] Retorno de LANZAR_CP completado 
[MAIN] Esperando 2 segundos antes del siguiente CP... 
[DEBUG] Bucle FOR completado 
