============================================================ 
 LOG DE EJECUCION - PC_B_RUN.bat 
 Fecha/Hora: 05/11/2025 10:51:27,03 
============================================================ 
 
[05/11/2025 10:51:27,06] Ejecutando: docker build -t ev_driver:local -f ev_driver/Dockerfile . 
#0 building with "desktop-linux" instance using docker driver

#1 [internal] load build definition from Dockerfile
#1 transferring dockerfile: 697B done
#1 DONE 0.0s

#2 resolve image config for docker-image://docker.io/docker/dockerfile:1
#2 DONE 0.5s

#3 docker-image://docker.io/docker/dockerfile:1@sha256:b6afd42430b15f2d2a4c5a02b919e98a525b785b1aaff16747d2f623364e39b6
#3 resolve docker.io/docker/dockerfile:1@sha256:b6afd42430b15f2d2a4c5a02b919e98a525b785b1aaff16747d2f623364e39b6 0.0s done
#3 CACHED

#4 [internal] load metadata for docker.io/library/python:3.10-slim
#4 DONE 0.5s

#5 [internal] load .dockerignore
#5 transferring context: 275B done
#5 DONE 0.0s

#6 [internal] load build context
#6 transferring context: 219B done
#6 DONE 0.0s

#7 [1/6] FROM docker.io/library/python:3.10-slim@sha256:2a8c7d9efdae9b636de80a187a4ce31374ffb3883a7be06232d25a96e8538bf4
#7 resolve docker.io/library/python:3.10-slim@sha256:2a8c7d9efdae9b636de80a187a4ce31374ffb3883a7be06232d25a96e8538bf4 0.0s done
#7 DONE 0.0s

#8 [4/6] RUN pip install --no-cache-dir -r requirements.txt
#8 CACHED

#9 [2/6] WORKDIR /app
#9 CACHED

#10 [3/6] COPY requirements.txt ./
#10 CACHED

#11 [5/6] COPY ev_driver/ ev_driver/
#11 CACHED

#12 [6/6] COPY ev_common/ ev_common/
#12 CACHED

#13 exporting to image
#13 exporting layers done
#13 exporting manifest sha256:6a2e200a1e55a7b80f62b2506e81b7e8f668885137c20c5b0bb0cd2a6d77e646 done
#13 exporting config sha256:f4718f92f1bae93c80ced01a0609978bc9e64ee40acc7b8f00eb12d54cbd251c done
#13 exporting attestation manifest sha256:a80ec88fee07e75dd0f919cfa1b52f89e19a14d9e23164ce16f63dfc66a59214
#13 exporting attestation manifest sha256:a80ec88fee07e75dd0f919cfa1b52f89e19a14d9e23164ce16f63dfc66a59214 0.0s done
#13 exporting manifest list sha256:801857e6b49a907696e1dabda9078683914528b983e8b95dfde0a5974eb92ae5 0.0s done
#13 naming to docker.io/library/ev_driver:local done
#13 unpacking to docker.io/library/ev_driver:local 0.0s done
#13 DONE 0.1s
[05/11/2025 10:51:28,98] Codigo de salida docker build ev_driver: 0 
[05/11/2025 10:51:29,00] Todas las imagenes construidas exitosamente 
[05/11/2025 10:51:31,17] Lanzando Engine en modo CLASICO (CP_001, puerto 5001)... 
[05/11/2025 10:51:31,19] Comando START para Engine ejecutado (errorlevel: 0) 
[05/11/2025 10:51:34,16] Lanzando Driver en modo CLASICO (DRIVER_456)... 
[05/11/2025 10:51:34,17] Comando START para Driver ejecutado (errorlevel: 0) 
[05/11/2025 10:51:37,21] Lanzando Monitor en modo CLASICO (CP_001)... 
[05/11/2025 10:51:37,22] Comando START para Monitor ejecutado (errorlevel: 0) 
