============================================================ 
 LOG DE EJECUCION - PC_C_RUN.bat 
 Fecha/Hora: 07/11/2025  0:01:18,00 
============================================================ 
 
Docker version 28.4.0, build d8eb465
[INPUT] Usuario ingreso: NUM_DRIVERS=1 
[VALIDADO] NUM_DRIVERS final: 1 
[INPUT] Usuario ingreso: NUM_CPS_DISPONIBLES=2 
[VALIDADO] NUM_CPS_DISPONIBLES final: 2 
[BUILD] Iniciando construccion de imagen ev_driver 
[BUILD] Fecha/Hora: 07/11/2025  0:01:25,21 
 
[BUILD] Ejecutando: docker build -t ev_driver:local -f ev_driver/Dockerfile . 
[BUILD] ---- INICIO OUTPUT DOCKER BUILD DRIVER ---- 
#0 building with "desktop-linux" instance using docker driver

#1 [internal] load build definition from Dockerfile
#1 transferring dockerfile: 697B done
#1 DONE 0.0s

#2 resolve image config for docker-image://docker.io/docker/dockerfile:1
#2 DONE 0.8s

#3 docker-image://docker.io/docker/dockerfile:1@sha256:b6afd42430b15f2d2a4c5a02b919e98a525b785b1aaff16747d2f623364e39b6
#3 resolve docker.io/docker/dockerfile:1@sha256:b6afd42430b15f2d2a4c5a02b919e98a525b785b1aaff16747d2f623364e39b6
#3 resolve docker.io/docker/dockerfile:1@sha256:b6afd42430b15f2d2a4c5a02b919e98a525b785b1aaff16747d2f623364e39b6 0.2s done
#3 CACHED

#4 [internal] load metadata for docker.io/library/python:3.10-slim
#4 DONE 0.6s

#5 [internal] load .dockerignore
#5 transferring context: 275B done
#5 DONE 0.1s

#6 [internal] load build context
#6 DONE 0.0s

#7 [1/6] FROM docker.io/library/python:3.10-slim@sha256:2a8c7d9efdae9b636de80a187a4ce31374ffb3883a7be06232d25a96e8538bf4
#7 ...

#6 [internal] load build context
#6 transferring context: 219B done
#6 DONE 0.1s

#7 [1/6] FROM docker.io/library/python:3.10-slim@sha256:2a8c7d9efdae9b636de80a187a4ce31374ffb3883a7be06232d25a96e8538bf4
#7 resolve docker.io/library/python:3.10-slim@sha256:2a8c7d9efdae9b636de80a187a4ce31374ffb3883a7be06232d25a96e8538bf4
#7 resolve docker.io/library/python:3.10-slim@sha256:2a8c7d9efdae9b636de80a187a4ce31374ffb3883a7be06232d25a96e8538bf4 0.2s done
#7 DONE 0.2s

#8 [5/6] COPY ev_driver/ ev_driver/
#8 CACHED

#9 [2/6] WORKDIR /app
#9 CACHED

#10 [3/6] COPY requirements.txt ./
#10 CACHED

#11 [4/6] RUN pip install --no-cache-dir -r requirements.txt
#11 CACHED

#12 [6/6] COPY ev_common/ ev_common/
#12 CACHED

#13 exporting to image
#13 exporting layers done
#13 exporting manifest sha256:6a2e200a1e55a7b80f62b2506e81b7e8f668885137c20c5b0bb0cd2a6d77e646 0.1s done
#13 exporting config sha256:f4718f92f1bae93c80ced01a0609978bc9e64ee40acc7b8f00eb12d54cbd251c 0.0s done
#13 exporting attestation manifest sha256:ae159b56962b20931ff19bddc9cccbccbb5fee67176fadbe3a59f65ddda4c728
#13 exporting attestation manifest sha256:ae159b56962b20931ff19bddc9cccbccbb5fee67176fadbe3a59f65ddda4c728 0.2s done
#13 exporting manifest list sha256:96e9f1e2e662e3b996f8d517b8a16cf50bebc68082a80e0071f0642a4849de11
#13 exporting manifest list sha256:96e9f1e2e662e3b996f8d517b8a16cf50bebc68082a80e0071f0642a4849de11 0.1s done
#13 naming to docker.io/library/ev_driver:local 0.0s done
#13 unpacking to docker.io/library/ev_driver:local
#13 unpacking to docker.io/library/ev_driver:local 0.0s done
#13 DONE 0.6s
[BUILD] ---- FIN OUTPUT DOCKER BUILD DRIVER ---- 
[BUILD] Resultado (errorlevel): 0 
[BUILD OK] ev_driver construido exitosamente 
[DEBUG] Ejecutando: docker ps -q --filter "label=component=driver" 
[DEBUG] DRIVER_OFFSET detectado: 1 
[LOG] Drivers existentes: 1 
[DEBUG] Detectando CPs ya asignados... 
[DEBUG] CP ocupado detectado: CP_001  
[DEBUG] CPs_OCUPADOS: CP_001  
[LOG] Drivers existentes: 1 
[LOG] CPs ya ocupados: CP_001  
 
============================================================ 
[MAIN] INICIANDO LANZAMIENTO DE 1 DRIVERS 
============================================================ 
[DEBUG] KAFKA_SERVER=192.168.1.43:9092 
[DEBUG] DRIVER_OFFSET=1 
[DEBUG] NUM_DRIVERS=1 
[DEBUG] NUM_CPS_DISPONIBLES=2 
 
 
[MAIN] ================================================ 
[MAIN] Iteracion 1 de 1 
[MAIN] DRIVER_NUM calculado: 2 
[MAIN] ================================================ 
[DEBUG] A punto de llamar a LANZAR_DRIVER con DRIVER_NUM=2 
 
============================================================ 
[FUNCION] LANZAR_DRIVER INICIADA 
============================================================ 
[DEBUG] LANZAR_DRIVER llamado con DRIVER_NUM=2, NUM_CPS_TOTAL=2 
[DEBUG] CPs ocupados en esta iteracion: CP_001  
[DEBUG] CP CP_001 esta ocupado 
[DEBUG] CP disponible encontrado: CP_002 
[DEBUG] DRIVER_ID: DRIVER_002 
[DEBUG] CP_ID asignado: CP_002 
[DEBUG] RANDOM_KW: 31 
[DEBUG] MAT: 9365-ABC 
[DEBUG] ---- COMANDO POWERSHELL DRIVER ---- 
Write-Host 'Iniciando Driver (DRIVER_002) -> CP_002 (31 kWh)...' -ForegroundColor Cyan; Write-Host ''; docker run --rm --name driver_DRIVER_002 --label project=evcharging-pc-c --label component=driver --label driver_id=DRIVER_002 --label cp_id=CP_002 -e KAFKA_BROKER=192.168.1.43:9092 -e DRIVER_ID=DRIVER_002 -e CP_ID=CP_002 -e MAT=9365-ABC -e KW=31 -e LISTEN=true ev_driver:local 
 
[DEBUG] Ejecutando START PowerShell para Driver... 
[DEBUG] START ejecutado para Driver (errorlevel: 1) 
[DEBUG] DRIVER_002 completado exitosamente 
[DEBUG] Driver DRIVER_002 asignado a CP_002 
============================================================ 
[DEBUG] Driver asignado exitosamente. Total: 1 
[DEBUG] Retorno de LANZAR_DRIVER completado 
[MAIN] Esperando 2 segundos antes del siguiente driver para que Docker registre el contenedor... 
[DEBUG] Bucle FOR completado 
[LOG] Total de drivers asignados: 1 de 1 
