============================================================ 
 LOG DE EJECUCION - PC_C_RUN.bat 
 Fecha/Hora: 15/12/2025 23:21:02,56 
============================================================ 
 
Docker version 28.4.0, build d8eb465
[INPUT] Usuario ingreso: NUM_DRIVERS=1 
[VALIDADO] NUM_DRIVERS final: 1 
[INPUT] Usuario ingreso: NUM_CPS_DISPONIBLES=1 
[VALIDADO] NUM_CPS_DISPONIBLES final: 1 
[BUILD] Iniciando construccion de imagen ev_driver 
[BUILD] Fecha/Hora: 15/12/2025 23:21:13,13 
 
[BUILD] Ejecutando: docker build -t ev_driver:local -f ev_driver/Dockerfile . 
[BUILD] ---- INICIO OUTPUT DOCKER BUILD DRIVER ---- 
#0 building with "desktop-linux" instance using docker driver

#1 [internal] load build definition from Dockerfile
#1 transferring dockerfile: 697B done
#1 DONE 0.0s

#2 resolve image config for docker-image://docker.io/docker/dockerfile:1
#2 DONE 0.5s

#3 docker-image://docker.io/docker/dockerfile:1@sha256:b6afd42430b15f2d2a4c5a02b919e98a525b785b1aaff16747d2f623364e39b6
#3 resolve docker.io/docker/dockerfile:1@sha256:b6afd42430b15f2d2a4c5a02b919e98a525b785b1aaff16747d2f623364e39b6 0.0s done
#3 CACHED

#4 [internal] load metadata for docker.io/library/python:3.10-slim
#4 DONE 0.5s

#5 [internal] load .dockerignore
#5 transferring context: 275B done
#5 DONE 0.0s

#6 [internal] load build context
#6 transferring context: 9.43kB done
#6 DONE 0.0s

#7 [1/6] FROM docker.io/library/python:3.10-slim@sha256:fb1feae978f1729094eb0405e5f9564e55b2b3b24db3261d30ba4f22c5001a8a
#7 resolve docker.io/library/python:3.10-slim@sha256:fb1feae978f1729094eb0405e5f9564e55b2b3b24db3261d30ba4f22c5001a8a 0.0s done
#7 DONE 0.0s

#8 [3/6] COPY requirements.txt ./
#8 CACHED

#9 [4/6] RUN pip install --no-cache-dir -r requirements.txt
#9 CACHED

#10 [5/6] COPY ev_driver/ ev_driver/
#10 CACHED

#11 [2/6] WORKDIR /app
#11 CACHED

#12 [6/6] COPY ev_common/ ev_common/
#12 CACHED

#13 exporting to image
#13 exporting layers done
#13 exporting manifest sha256:af4dd539d44f9ee707d07c32b9347db6d716345e79051456690043de70ab6e5f done
#13 exporting config sha256:11215228d075185a1fcb6603ae22315f5629a946e7b0d9bcee497429c9d5b3e6 done
#13 exporting attestation manifest sha256:e2449bd939e3181a70bb584ef544b03be337dc4606f6ca99a2aad42468495521 0.0s done
#13 exporting manifest list sha256:e7b61a5cbee56fca9f05b62605fa5dc13442e02014c25e290dc3da12b4669d46 0.0s done
#13 naming to docker.io/library/ev_driver:local done
#13 unpacking to docker.io/library/ev_driver:local 0.0s done
#13 DONE 0.1s
[BUILD] ---- FIN OUTPUT DOCKER BUILD DRIVER ---- 
[BUILD] Resultado (errorlevel): 0 
[BUILD OK] ev_driver construido exitosamente 
[DEBUG] Ejecutando: docker ps -q --filter "label=component=driver" 
[DEBUG] DRIVER_OFFSET detectado: 0 
[LOG] Drivers existentes: 0 
[DEBUG] Detectando CPs ya asignados... 
[DEBUG] CPs_OCUPADOS:  
[LOG] Drivers existentes: 0 
[LOG] No hay CPs ocupados 
 
============================================================ 
[MAIN] INICIANDO LANZAMIENTO DE 1 DRIVERS 
============================================================ 
[DEBUG] KAFKA_SERVER=192.168.1.43:9092 
[DEBUG] DRIVER_OFFSET=0 
[DEBUG] NUM_DRIVERS=1 
[DEBUG] NUM_CPS_DISPONIBLES=1 
 
 
[MAIN] ================================================ 
[MAIN] Iteracion 1 de 1 
[MAIN] DRIVER_NUM calculado: 1 
[MAIN] ================================================ 
[DEBUG] A punto de llamar a LANZAR_DRIVER con DRIVER_NUM=1 
 
============================================================ 
[FUNCION] LANZAR_DRIVER INICIADA 
============================================================ 
[DEBUG] LANZAR_DRIVER llamado con DRIVER_NUM=1, NUM_CPS_TOTAL=1 
[DEBUG] CPs ocupados en esta iteracion:  
[DEBUG] CP disponible encontrado: CP_001 
[DEBUG] DRIVER_ID: DRIVER_001 
[DEBUG] CP_ID asignado: CP_001 
[DEBUG] RANDOM_KW: 44 
[DEBUG] MAT: 8219-ABC 
[DEBUG] ---- COMANDO POWERSHELL DRIVER ---- 
Write-Host 'Iniciando Driver (DRIVER_001) -> CP_001 (44 kWh)...' -ForegroundColor Cyan; Write-Host ''; docker run --rm --name driver_DRIVER_001 --network evnet --label project=evcharging-pc-c --label component=driver --label driver_id=DRIVER_001 --label cp_id=CP_001 -e KAFKA_BROKER=192.168.1.43:9092 -e DRIVER_ID=DRIVER_001 -e CP_ID=CP_001 -e MAT=8219-ABC -e KW=44 -e LISTEN=true ev_driver:local 
 
[DEBUG] Ejecutando START PowerShell para Driver... 
[DEBUG] START ejecutado para Driver (errorlevel: 0) 
[DEBUG] DRIVER_001 completado exitosamente 
[DEBUG] Driver DRIVER_001 asignado a CP_001 
============================================================ 
[DEBUG] Driver asignado exitosamente. Total: 1 
[DEBUG] Retorno de LANZAR_DRIVER completado 
[MAIN] Esperando 5 segundos antes del siguiente driver para que Docker registre el contenedor... 
[DEBUG] Bucle FOR completado 
[LOG] Total de drivers asignados: 1 de 1 
