============================================================ 
 LOG DE EJECUCION - PC_C_RUN.bat 
 Fecha/Hora: 07/11/2025  0:20:38,36 
============================================================ 
 
Docker version 28.4.0, build d8eb465
[INPUT] Usuario ingreso: NUM_DRIVERS=2 
[VALIDADO] NUM_DRIVERS final: 2 
[INPUT] Usuario ingreso: NUM_CPS_DISPONIBLES=2 
[VALIDADO] NUM_CPS_DISPONIBLES final: 2 
[BUILD] Iniciando construccion de imagen ev_driver 
[BUILD] Fecha/Hora: 07/11/2025  0:20:44,18 
 
[BUILD] Ejecutando: docker build -t ev_driver:local -f ev_driver/Dockerfile . 
[BUILD] ---- INICIO OUTPUT DOCKER BUILD DRIVER ---- 
#0 building with "desktop-linux" instance using docker driver

#1 [internal] load build definition from Dockerfile
#1 transferring dockerfile: 697B done
#1 DONE 0.0s

#2 resolve image config for docker-image://docker.io/docker/dockerfile:1
#2 DONE 0.7s

#3 docker-image://docker.io/docker/dockerfile:1@sha256:b6afd42430b15f2d2a4c5a02b919e98a525b785b1aaff16747d2f623364e39b6
#3 resolve docker.io/docker/dockerfile:1@sha256:b6afd42430b15f2d2a4c5a02b919e98a525b785b1aaff16747d2f623364e39b6 0.0s done
#3 CACHED

#4 [internal] load metadata for docker.io/library/python:3.10-slim
#4 DONE 0.6s

#5 [internal] load .dockerignore
#5 transferring context: 275B done
#5 DONE 0.0s

#6 [internal] load build context
#6 transferring context: 8.74kB 0.0s done
#6 DONE 0.0s

#7 [1/6] FROM docker.io/library/python:3.10-slim@sha256:2a8c7d9efdae9b636de80a187a4ce31374ffb3883a7be06232d25a96e8538bf4
#7 resolve docker.io/library/python:3.10-slim@sha256:2a8c7d9efdae9b636de80a187a4ce31374ffb3883a7be06232d25a96e8538bf4 0.0s done
#7 DONE 0.0s

#8 [2/6] WORKDIR /app
#8 CACHED

#9 [3/6] COPY requirements.txt ./
#9 CACHED

#10 [4/6] RUN pip install --no-cache-dir -r requirements.txt
#10 CACHED

#11 [5/6] COPY ev_driver/ ev_driver/
#11 CACHED

#12 [6/6] COPY ev_common/ ev_common/
#12 CACHED

#13 exporting to image
#13 exporting layers done
#13 exporting manifest sha256:6a2e200a1e55a7b80f62b2506e81b7e8f668885137c20c5b0bb0cd2a6d77e646 done
#13 exporting config sha256:f4718f92f1bae93c80ced01a0609978bc9e64ee40acc7b8f00eb12d54cbd251c
#13 exporting config sha256:f4718f92f1bae93c80ced01a0609978bc9e64ee40acc7b8f00eb12d54cbd251c done
#13 exporting attestation manifest sha256:a092d803fffd366e666c1a54e3c657b0da9572176b494cd0efc232b008919973 0.0s done
#13 exporting manifest list sha256:3f3c9017a0d35078131b723a57dfd7b19b3a1e99fa6a6821cf5cb00bb88537b8 0.0s done
#13 naming to docker.io/library/ev_driver:local done
#13 unpacking to docker.io/library/ev_driver:local 0.0s done
#13 DONE 0.1s
[BUILD] ---- FIN OUTPUT DOCKER BUILD DRIVER ---- 
[BUILD] Resultado (errorlevel): 0 
[BUILD OK] ev_driver construido exitosamente 
[DEBUG] Ejecutando: docker ps -q --filter "label=component=driver" 
[DEBUG] DRIVER_OFFSET detectado: 0 
[LOG] Drivers existentes: 0 
[DEBUG] Detectando CPs ya asignados... 
[DEBUG] CPs_OCUPADOS:  
[LOG] Drivers existentes: 0 
[LOG] No hay CPs ocupados 
 
============================================================ 
[MAIN] INICIANDO LANZAMIENTO DE 2 DRIVERS 
============================================================ 
[DEBUG] KAFKA_SERVER=192.168.1.43:9092 
[DEBUG] DRIVER_OFFSET=0 
[DEBUG] NUM_DRIVERS=2 
[DEBUG] NUM_CPS_DISPONIBLES=2 
 
 
[MAIN] ================================================ 
[MAIN] Iteracion 1 de 2 
[MAIN] DRIVER_NUM calculado: 1 
[MAIN] ================================================ 
[DEBUG] A punto de llamar a LANZAR_DRIVER con DRIVER_NUM=1 
 
============================================================ 
[FUNCION] LANZAR_DRIVER INICIADA 
============================================================ 
[DEBUG] LANZAR_DRIVER llamado con DRIVER_NUM=1, NUM_CPS_TOTAL=2 
[DEBUG] CPs ocupados en esta iteracion:  
[DEBUG] CP disponible encontrado: CP_001 
[DEBUG] DRIVER_ID: DRIVER_001 
[DEBUG] CP_ID asignado: CP_001 
[DEBUG] RANDOM_KW: 35 
[DEBUG] MAT: 1536-ABC 
[DEBUG] ---- COMANDO POWERSHELL DRIVER ---- 
Write-Host 'Iniciando Driver (DRIVER_001) -> CP_001 (35 kWh)...' -ForegroundColor Cyan; Write-Host ''; docker run --rm --name driver_DRIVER_001 --label project=evcharging-pc-c --label component=driver --label driver_id=DRIVER_001 --label cp_id=CP_001 -e KAFKA_BROKER=192.168.1.43:9092 -e DRIVER_ID=DRIVER_001 -e CP_ID=CP_001 -e MAT=1536-ABC -e KW=35 -e LISTEN=true ev_driver:local 
 
[DEBUG] Ejecutando START PowerShell para Driver... 
[DEBUG] START ejecutado para Driver (errorlevel: 0) 
[DEBUG] DRIVER_001 completado exitosamente 
[DEBUG] Driver DRIVER_001 asignado a CP_001 
============================================================ 
[DEBUG] Driver asignado exitosamente. Total: 1 
 
[MAIN] ================================================ 
[MAIN] Iteracion 2 de 2 
[MAIN] DRIVER_NUM calculado: 2 
[MAIN] ================================================ 
[DEBUG] A punto de llamar a LANZAR_DRIVER con DRIVER_NUM=2 
 
============================================================ 
[FUNCION] LANZAR_DRIVER INICIADA 
============================================================ 
[DEBUG] LANZAR_DRIVER llamado con DRIVER_NUM=2, NUM_CPS_TOTAL=2 
[DEBUG] CPs ocupados en esta iteracion: CP_001  
[DEBUG] CP CP_001 esta ocupado 
[DEBUG] CP disponible encontrado: CP_002 
[DEBUG] DRIVER_ID: DRIVER_002 
[DEBUG] CP_ID asignado: CP_002 
[DEBUG] RANDOM_KW: 49 
[DEBUG] MAT: 1129-ABC 
[DEBUG] ---- COMANDO POWERSHELL DRIVER ---- 
Write-Host 'Iniciando Driver (DRIVER_002) -> CP_002 (49 kWh)...' -ForegroundColor Cyan; Write-Host ''; docker run --rm --name driver_DRIVER_002 --label project=evcharging-pc-c --label component=driver --label driver_id=DRIVER_002 --label cp_id=CP_002 -e KAFKA_BROKER=192.168.1.43:9092 -e DRIVER_ID=DRIVER_002 -e CP_ID=CP_002 -e MAT=1129-ABC -e KW=49 -e LISTEN=true ev_driver:local 
 
[DEBUG] Ejecutando START PowerShell para Driver... 
[DEBUG] START ejecutado para Driver (errorlevel: 1) 
[DEBUG] DRIVER_002 completado exitosamente 
[DEBUG] Driver DRIVER_002 asignado a CP_002 
============================================================ 
[DEBUG] Driver asignado exitosamente. Total: 2 
[DEBUG] Retorno de LANZAR_DRIVER completado 
[MAIN] Esperando 2 segundos antes del siguiente driver para que Docker registre el contenedor... 
[DEBUG] Bucle FOR completado 
[LOG] Total de drivers asignados: 2 de 2 
